[GC (Allocation Failure)  81920K->17663K(99648K), 0.0208513 secs]
[Full GC (Allocation Failure)  17663K->17663K(99648K), 0.0256122 secs]
[GC (Allocation Failure)  89407K->24924K(106944K), 0.0167133 secs]
[Full GC (Allocation Failure)  24924K->17661K(106944K), 0.0248219 secs]
[GC (Allocation Failure)  96703K->31168K(116800K), 0.0182693 secs]
[GC (Allocation Failure)  113088K->37312K(119296K), 0.0149012 secs]
[Full GC (Allocation Failure)  37312K->17661K(119296K), 0.0239665 secs]
[GC (Allocation Failure)  99581K->34045K(121600K), 0.0124396 secs]
[GC (Allocation Failure)  115965K->40189K(122176K), 0.0130497 secs]
[Full GC (Allocation Failure)  40189K->17661K(122176K), 0.0320774 secs]
[GC (Allocation Failure)  99581K->34045K(121600K), 0.0135977 secs]
[GC (Allocation Failure)  115965K->40189K(122176K), 0.0128125 secs]
[Full GC (Allocation Failure)  40189K->17661K(122176K), 0.0266780 secs]
[GC (Allocation Failure)  99581K->34045K(121600K), 0.0154164 secs]
[GC (Allocation Failure)  115965K->40189K(122176K), 0.0164743 secs]
[Full GC (Allocation Failure)  40189K->17661K(122176K), 0.0245506 secs]
[GC (Allocation Failure)  99581K->34045K(121600K), 0.0160150 secs]
[GC (Allocation Failure)  115965K->40189K(122176K), 0.0160697 secs]
[Full GC (Allocation Failure)  40189K->17661K(122176K), 0.0272629 secs]
[GC (Allocation Failure)  99581K->34045K(121600K), 0.0172265 secs]
[GC (Allocation Failure)  115965K->40189K(122176K), 0.0169374 secs]
[Full GC (Allocation Failure)  40189K->17661K(122176K), 0.0207997 secs]
[GC (Allocation Failure)  99581K->34045K(121600K), 0.0142052 secs]
[GC (Allocation Failure)  115965K->40189K(122176K), 0.0104730 secs]
[Full GC (Allocation Failure)  40189K->17661K(122176K), 0.0308266 secs]
[GC (Allocation Failure)  99581K->34045K(121600K), 0.0131883 secs]
[GC (Allocation Failure)  115965K->40189K(122176K), 0.0145960 secs]
[Full GC (Allocation Failure)  40189K->17661K(122176K), 0.0221801 secs]
[GC (Allocation Failure)  99581K->34045K(121600K), 0.0176222 secs]
[GC (Allocation Failure)  115965K->40189K(122176K), 0.0148153 secs]
[Full GC (Allocation Failure)  40189K->17661K(122176K), 0.0240316 secs]
[GC (Allocation Failure)  99581K->34045K(121600K), 0.0115742 secs]
[GC (Allocation Failure)  115965K->40189K(122176K), 0.0121649 secs]
[Full GC (Allocation Failure)  40189K->17661K(122176K), 0.0284908 secs]
[GC (Allocation Failure)  99581K->34045K(121600K), 0.0131551 secs]
[GC (Allocation Failure)  115965K->40189K(122176K), 0.0116644 secs]
[Full GC (Allocation Failure)  40189K->17661K(122176K), 0.0354048 secs]
[GC (Allocation Failure)  99581K->34045K(121600K), 0.0107010 secs]
[GC (Allocation Failure)  115965K->40189K(122176K), 0.0120124 secs]
[Full GC (Allocation Failure)  40189K->17661K(122176K), 0.0289519 secs]
[GC (Allocation Failure)  99581K->34045K(121600K), 0.0126857 secs]
[GC (Allocation Failure)  115965K->40189K(122176K), 0.0131486 secs]
[Full GC (Allocation Failure)  40189K->17661K(122176K), 0.0285428 secs]
[GC (Allocation Failure)  99581K->34045K(121600K), 0.0135272 secs]
[GC (Allocation Failure)  115965K->40189K(122176K), 0.0129693 secs]
[Full GC (Allocation Failure)  40189K->17661K(122176K), 0.0197858 secs]
[GC (Allocation Failure)  99581K->34045K(121600K), 0.0106007 secs]
[GC (Allocation Failure)  115965K->40189K(122176K), 0.0106796 secs]
[Full GC (Allocation Failure)  40189K->17661K(122176K), 0.0347256 secs]
[GC (Allocation Failure)  99581K->34045K(121600K), 0.0117039 secs]
[GC (Allocation Failure)  115965K->40189K(122176K), 0.0108259 secs]
[Full GC (Allocation Failure)  40189K->17661K(122176K), 0.0288476 secs]
[GC (Allocation Failure)  99581K->34045K(121600K), 0.0115218 secs]
[GC (Allocation Failure)  115965K->40189K(122176K), 0.0119049 secs]
[Full GC (Allocation Failure)  40189K->17661K(122176K), 0.0413671 secs]
[GC (Allocation Failure)  99581K->34045K(121600K), 0.0137466 secs]
[GC (Allocation Failure)  115965K->40189K(122176K), 0.0104387 secs]
[Full GC (Allocation Failure)  40189K->17661K(122176K), 0.0243593 secs]
[GC (Allocation Failure)  99581K->34045K(121600K), 0.0149566 secs]
[GC (Allocation Failure)  115965K->40189K(122176K), 0.0167180 secs]
[Full GC (Allocation Failure)  40189K->17661K(122176K), 0.0223003 secs]
[GC (Allocation Failure)  99581K->34045K(121600K), 0.0103556 secs]
[GC (Allocation Failure)  115965K->40189K(122176K), 0.0123246 secs]
[Full GC (Allocation Failure)  40189K->17661K(122176K), 0.0304396 secs]
[GC (Allocation Failure)  99581K->34045K(121600K), 0.0130382 secs]
[GC (Allocation Failure)  115965K->40189K(122176K), 0.0194898 secs]
[Full GC (Allocation Failure)  40189K->17661K(122176K), 0.0307958 secs]
[GC (Allocation Failure)  99581K->34045K(121600K), 0.0103022 secs]
[GC (Allocation Failure)  115965K->40189K(122176K), 0.0124817 secs]
[Full GC (Allocation Failure)  40189K->17661K(122176K), 0.0247918 secs]
[GC (Allocation Failure)  99581K->34045K(121600K), 0.0158677 secs]
[GC (Allocation Failure)  115965K->40189K(122176K), 0.0141425 secs]
[Full GC (Allocation Failure)  40189K->17661K(122176K), 0.0204623 secs]
[GC (Allocation Failure)  99581K->34045K(121600K), 0.0104794 secs]
[GC (Allocation Failure)  115965K->40189K(122176K), 0.0153893 secs]
[Full GC (Allocation Failure)  40189K->17661K(122176K), 0.0308223 secs]
[GC (Allocation Failure)  99581K->34045K(121600K), 0.0127607 secs]
[GC (Allocation Failure)  115965K->40189K(122176K), 0.0133676 secs]
[Full GC (Allocation Failure)  40189K->17661K(122176K), 0.0222119 secs]
[GC (Allocation Failure)  99581K->34045K(121600K), 0.0175721 secs]
[GC (Allocation Failure)  115965K->40189K(122176K), 0.0125749 secs]
[Full GC (Allocation Failure)  40189K->17661K(122176K), 0.0312872 secs]
[GC (Allocation Failure)  99581K->34045K(121600K), 0.0142400 secs]
[GC (Allocation Failure)  115965K->40189K(122176K), 0.0126544 secs]
[Full GC (Allocation Failure)  40189K->17661K(122176K), 0.0241078 secs]
[GC (Allocation Failure)  99581K->34045K(121600K), 0.0112026 secs]
[GC (Allocation Failure)  115965K->40189K(122176K), 0.0200692 secs]
[Full GC (Allocation Failure)  40189K->17661K(122176K), 0.0343809 secs]
[GC (Allocation Failure)  99581K->34045K(121600K), 0.0177512 secs]
[GC (Allocation Failure)  115965K->40189K(122176K), 0.0133239 secs]
[Full GC (Allocation Failure)  40189K->17661K(122176K), 0.0229347 secs]
[GC (Allocation Failure)  99581K->34045K(121600K), 0.0125253 secs]
[GC (Allocation Failure)  115965K->40189K(122176K), 0.0105226 secs]
[Full GC (Allocation Failure)  40189K->17661K(122176K), 0.0285347 secs]
[GC (Allocation Failure)  99581K->34045K(121600K), 0.0150025 secs]
[GC (Allocation Failure)  115965K->40189K(122176K), 0.0184827 secs]
[Full GC (Allocation Failure)  40189K->17661K(122176K), 0.0280376 secs]
[GC (Allocation Failure)  99581K->34045K(121600K), 0.0142051 secs]
[GC (Allocation Failure)  115965K->40189K(122176K), 0.0173041 secs]
[Full GC (Allocation Failure)  40189K->17661K(122176K), 0.0247187 secs]
[GC (Allocation Failure)  99581K->34045K(121600K), 0.0156115 secs]
[GC (Allocation Failure)  115965K->40189K(122176K), 0.0125612 secs]
[Full GC (Allocation Failure)  40189K->17661K(122176K), 0.0255467 secs]
[GC (Allocation Failure)  99581K->34045K(121600K), 0.0187454 secs]
[GC (Allocation Failure)  115965K->40189K(122176K), 0.0128361 secs]
[Full GC (Allocation Failure)  40189K->17661K(122176K), 0.0196175 secs]
[GC (Allocation Failure)  99581K->34045K(121600K), 0.0158172 secs]
[GC (Allocation Failure)  115965K->40189K(122176K), 0.0121464 secs]
[Full GC (Allocation Failure)  40189K->17661K(122176K), 0.0226977 secs]
[GC (Allocation Failure)  99581K->34045K(121600K), 0.0105269 secs]
[GC (Allocation Failure)  115965K->40189K(122176K), 0.0197259 secs]
[Full GC (Allocation Failure)  40189K->17661K(122176K), 0.0265698 secs]
[GC (Allocation Failure)  99581K->34045K(121600K), 0.0162245 secs]
[GC (Allocation Failure)  115965K->40189K(122176K), 0.0139741 secs]
[Full GC (Allocation Failure)  40189K->17661K(122176K), 0.0223202 secs]
[GC (Allocation Failure)  99581K->34045K(121600K), 0.0109985 secs]
[GC (Allocation Failure)  115965K->40189K(122176K), 0.0130607 secs]
[Full GC (Allocation Failure)  40189K->17661K(122176K), 0.0209585 secs]
[GC (Allocation Failure)  99581K->34045K(121600K), 0.0114271 secs]
[GC (Allocation Failure)  115965K->40189K(122176K), 0.0140098 secs]
[Full GC (Allocation Failure)  40189K->17661K(122176K), 0.0197080 secs]
[GC (Allocation Failure)  99581K->34045K(121600K), 0.0103292 secs]
[GC (Allocation Failure)  115965K->40189K(122176K), 0.0155302 secs]
[Full GC (Allocation Failure)  40189K->17661K(122176K), 0.0253064 secs]
[GC (Allocation Failure)  99581K->34045K(121600K), 0.0116521 secs]
[GC (Allocation Failure)  115965K->40189K(122176K), 0.0111574 secs]
[Full GC (Allocation Failure)  40189K->17661K(122176K), 0.0213820 secs]
[GC (Allocation Failure)  99581K->34045K(121600K), 0.0134126 secs]
[GC (Allocation Failure)  115965K->40189K(122176K), 0.0146477 secs]
[Full GC (Allocation Failure)  40189K->17661K(122176K), 0.0242247 secs]
[GC (Allocation Failure)  99581K->34045K(121600K), 0.0161907 secs]
[GC (Allocation Failure)  115965K->40189K(122176K), 0.0119613 secs]
[Full GC (Allocation Failure)  40189K->17661K(122176K), 0.0254270 secs]
[GC (Allocation Failure)  99581K->34045K(121600K), 0.0116437 secs]
[GC (Allocation Failure)  115965K->40189K(122176K), 0.0123181 secs]
[Full GC (Allocation Failure)  40189K->17661K(122176K), 0.0315723 secs]
[GC (Allocation Failure)  99581K->34045K(121600K), 0.0128394 secs]
[GC (Allocation Failure)  115965K->40189K(122176K), 0.0135163 secs]
[Full GC (Allocation Failure)  40189K->17661K(122176K), 0.0257006 secs]
[GC (Allocation Failure)  99581K->34045K(121600K), 0.0170423 secs]
[GC (Allocation Failure)  115965K->40189K(122176K), 0.0151560 secs]
[Full GC (Allocation Failure)  40189K->17661K(122176K), 0.0341864 secs]
[GC (Allocation Failure)  99581K->34045K(121600K), 0.0166565 secs]
[GC (Allocation Failure)  115965K->40189K(122176K), 0.0140140 secs]
[Full GC (Allocation Failure)  40189K->17661K(122176K), 0.0274068 secs]
[GC (Allocation Failure)  99581K->34045K(121600K), 0.0217914 secs]
[GC (Allocation Failure)  115965K->40189K(122176K), 0.0137892 secs]
[Full GC (Allocation Failure)  40189K->17661K(122176K), 0.0259130 secs]
[GC (Allocation Failure)  99581K->34045K(121600K), 0.0140494 secs]
[GC (Allocation Failure)  115965K->40189K(122176K), 0.0228860 secs]
[Full GC (Allocation Failure)  40189K->17661K(122176K), 0.0495945 secs]
[GC (Allocation Failure)  99581K->34045K(121600K), 0.0198637 secs]
[GC (Allocation Failure)  115965K->40189K(122176K), 0.0189783 secs]
[Full GC (Allocation Failure)  40189K->17661K(122176K), 0.0559291 secs]
[GC (Allocation Failure)  99581K->34045K(121600K), 0.0224119 secs]
[GC (Allocation Failure)  115965K->40189K(122176K), 0.0240685 secs]
[Full GC (Allocation Failure)  40189K->17661K(122176K), 0.0382686 secs]
[GC (Allocation Failure)  99581K->34045K(121600K), 0.0264071 secs]
[GC (Allocation Failure)  115965K->40189K(122176K), 0.0143538 secs]
[Full GC (Allocation Failure)  40189K->17661K(122176K), 0.0238960 secs]
[GC (Allocation Failure)  99581K->34045K(121600K), 0.0109574 secs]
[GC (Allocation Failure)  115965K->40189K(122176K), 0.0217788 secs]
[Full GC (Allocation Failure)  40189K->17661K(122176K), 0.0250149 secs]
[GC (Allocation Failure)  99581K->34045K(121600K), 0.0121829 secs]
[GC (Allocation Failure)  115965K->40189K(122176K), 0.0224633 secs]
[Full GC (Allocation Failure)  40189K->17661K(122176K), 0.0272976 secs]
[GC (Allocation Failure)  99581K->34045K(121600K), 0.0159800 secs]
[GC (Allocation Failure)  115965K->40189K(122176K), 0.0131394 secs]
[Full GC (Allocation Failure)  40189K->17661K(122176K), 0.0231403 secs]
[GC (Allocation Failure)  99581K->34045K(121600K), 0.0125401 secs]
[GC (Allocation Failure)  115965K->40189K(122176K), 0.0182446 secs]
[Full GC (Allocation Failure)  40189K->17661K(122176K), 0.0296180 secs]
[GC (Allocation Failure)  99581K->34045K(121600K), 0.0122121 secs]
[GC (Allocation Failure)  115965K->40189K(122176K), 0.0126455 secs]
[Full GC (Allocation Failure)  40189K->17661K(122176K), 0.0234509 secs]
[GC (Allocation Failure)  99581K->34045K(121600K), 0.0137987 secs]
[GC (Allocation Failure)  115965K->40189K(122176K), 0.0134412 secs]
[Full GC (Allocation Failure)  40189K->17661K(122176K), 0.0230118 secs]
[GC (Allocation Failure)  99581K->34045K(121600K), 0.0143629 secs]
[GC (Allocation Failure)  115965K->40189K(122176K), 0.0112733 secs]
[Full GC (Allocation Failure)  40189K->17661K(122176K), 0.0252281 secs]
[GC (Allocation Failure)  99581K->34045K(121600K), 0.0139557 secs]
[GC (Allocation Failure)  115965K->40189K(122176K), 0.0133817 secs]
[Full GC (Allocation Failure)  40189K->17661K(122176K), 0.0223425 secs]
[GC (Allocation Failure)  99581K->34045K(121600K), 0.0153627 secs]
[GC (Allocation Failure)  115965K->40189K(122176K), 0.0137541 secs]
[Full GC (Allocation Failure)  40189K->17661K(122176K), 0.0228393 secs]
[GC (Allocation Failure)  99581K->34045K(121600K), 0.0117307 secs]
[GC (Allocation Failure)  115965K->40189K(122176K), 0.0106616 secs]
[Full GC (Allocation Failure)  40189K->17661K(122176K), 0.0267688 secs]
[GC (Allocation Failure)  99581K->34045K(121600K), 0.0117352 secs]
[GC (Allocation Failure)  115965K->40189K(122176K), 0.0134459 secs]
[Full GC (Allocation Failure)  40189K->17661K(122176K), 0.0212043 secs]
[GC (Allocation Failure)  99581K->34045K(121600K), 0.0138079 secs]
[GC (Allocation Failure)  115965K->40189K(122176K), 0.0157694 secs]
[Full GC (Allocation Failure)  40189K->17661K(122176K), 0.0263535 secs]
[GC (Allocation Failure)  99581K->34045K(121600K), 0.0112421 secs]
[GC (Allocation Failure)  115965K->40189K(122176K), 0.0121299 secs]
[Full GC (Allocation Failure)  40189K->17661K(122176K), 0.0318386 secs]
[GC (Allocation Failure)  99581K->34045K(121600K), 0.0118509 secs]
[GC (Allocation Failure)  115965K->40189K(122176K), 0.0130971 secs]
[Full GC (Allocation Failure)  40189K->17661K(122176K), 0.0229919 secs]
[GC (Allocation Failure)  99581K->34045K(121600K), 0.0178250 secs]
[GC (Allocation Failure)  115965K->40189K(122176K), 0.0118713 secs]
[Full GC (Allocation Failure)  40189K->17661K(122176K), 0.0259462 secs]
[GC (Allocation Failure)  99581K->34045K(121600K), 0.0180417 secs]
[GC (Allocation Failure)  115965K->40189K(122176K), 0.0154524 secs]
[Full GC (Allocation Failure)  40189K->17661K(122176K), 0.0214788 secs]
[GC (Allocation Failure)  99581K->34045K(121600K), 0.0179229 secs]
[GC (Allocation Failure)  115965K->40189K(122176K), 0.0120500 secs]
[Full GC (Allocation Failure)  40189K->17661K(122176K), 0.0288350 secs]
[GC (Allocation Failure)  99581K->34045K(121600K), 0.0154593 secs]
[GC (Allocation Failure)  115965K->40189K(122176K), 0.0122613 secs]
[Full GC (Allocation Failure)  40189K->17661K(122176K), 0.0268441 secs]
[GC (Allocation Failure)  99581K->34045K(121600K), 0.0121135 secs]
[GC (Allocation Failure)  115965K->40189K(122176K), 0.0117901 secs]
[Full GC (Allocation Failure)  40189K->17661K(122176K), 0.0282238 secs]
[GC (Allocation Failure)  99581K->34045K(121600K), 0.0145882 secs]
[GC (Allocation Failure)  115965K->40189K(122176K), 0.0178965 secs]
[Full GC (Allocation Failure)  40189K->17661K(122176K), 0.0247171 secs]
[GC (Allocation Failure)  99581K->34045K(121600K), 0.0157731 secs]
[GC (Allocation Failure)  115965K->40189K(122176K), 0.0120134 secs]
[Full GC (Allocation Failure)  40189K->17661K(122176K), 0.0295076 secs]
[GC (Allocation Failure)  99581K->34045K(121600K), 0.0113571 secs]
[GC (Allocation Failure)  115965K->40189K(122176K), 0.0123838 secs]
[Full GC (Allocation Failure)  40189K->17661K(122176K), 0.0201934 secs]
[GC (Allocation Failure)  99581K->34045K(121600K), 0.0109155 secs]
[GC (Allocation Failure)  115965K->40189K(122176K), 0.0129562 secs]
[Full GC (Allocation Failure)  40189K->17661K(122176K), 0.0219423 secs]
[GC (Allocation Failure)  99581K->34045K(121600K), 0.0127528 secs]
[GC (Allocation Failure)  115965K->40189K(122176K), 0.0121722 secs]
[Full GC (Allocation Failure)  40189K->17661K(122176K), 0.0285498 secs]
[GC (Allocation Failure)  99581K->34045K(121600K), 0.0126673 secs]
[GC (Allocation Failure)  115965K->40189K(122176K), 0.0123479 secs]
[Full GC (Allocation Failure)  40189K->17661K(122176K), 0.0242374 secs]
[GC (Allocation Failure)  99581K->34045K(121600K), 0.0136728 secs]
[GC (Allocation Failure)  115965K->40189K(122176K), 0.0135590 secs]
[Full GC (Allocation Failure)  40189K->17661K(122176K), 0.0229314 secs]
[GC (Allocation Failure)  99581K->34045K(121600K), 0.0175426 secs]
[GC (Allocation Failure)  115965K->40189K(122176K), 0.0131956 secs]
[Full GC (Allocation Failure)  40189K->17661K(122176K), 0.0257126 secs]
[GC (Allocation Failure)  99581K->34045K(121600K), 0.0162192 secs]
[GC (Allocation Failure)  115965K->40189K(122176K), 0.0123030 secs]
[Full GC (Allocation Failure)  40189K->17661K(122176K), 0.0198874 secs]
[GC (Allocation Failure)  99581K->34045K(121600K), 0.0179342 secs]
[GC (Allocation Failure)  115965K->40189K(122176K), 0.0123493 secs]
[Full GC (Allocation Failure)  40189K->17661K(122176K), 0.0250483 secs]
[GC (Allocation Failure)  99581K->34045K(121600K), 0.0190848 secs]
[GC (Allocation Failure)  115965K->40189K(122176K), 0.0129351 secs]
[Full GC (Allocation Failure)  40189K->17661K(122176K), 0.0205177 secs]
[GC (Allocation Failure)  99581K->34045K(121600K), 0.0118358 secs]
[GC (Allocation Failure)  115965K->40189K(122176K), 0.0108159 secs]
[Full GC (Allocation Failure)  40189K->17661K(122176K), 0.0235031 secs]
[GC (Allocation Failure)  99581K->34045K(121600K), 0.0172841 secs]
[GC (Allocation Failure)  115965K->40189K(122176K), 0.0122615 secs]
[Full GC (Allocation Failure)  40189K->17661K(122176K), 0.0239830 secs]
[GC (Allocation Failure)  99581K->34045K(121600K), 0.0156520 secs]
[GC (Allocation Failure)  115965K->40189K(122176K), 0.0132006 secs]
[Full GC (Allocation Failure)  40189K->17661K(122176K), 0.0205055 secs]
[GC (Allocation Failure)  99581K->34045K(121600K), 0.0175727 secs]
[GC (Allocation Failure)  115965K->40189K(122176K), 0.0126925 secs]
[Full GC (Allocation Failure)  40189K->17661K(122176K), 0.0496278 secs]
[GC (Allocation Failure)  99581K->34045K(121600K), 0.0123518 secs]
[GC (Allocation Failure)  115965K->40189K(122176K), 0.0127136 secs]
[Full GC (Allocation Failure)  40189K->17661K(122176K), 0.0330388 secs]
[GC (Allocation Failure)  99581K->34045K(121600K), 0.0155201 secs]
[GC (Allocation Failure)  115965K->40189K(122176K), 0.0123257 secs]
[Full GC (Allocation Failure)  40189K->17661K(122176K), 0.0285075 secs]
[GC (Allocation Failure)  99581K->34045K(121600K), 0.0120293 secs]
[GC (Allocation Failure)  115965K->40189K(122176K), 0.0134575 secs]
[Full GC (Allocation Failure)  40189K->17661K(122176K), 0.0211667 secs]
[GC (Allocation Failure)  99581K->34045K(121600K), 0.0118952 secs]
[GC (Allocation Failure)  115965K->40189K(122176K), 0.0112393 secs]
[Full GC (Allocation Failure)  40189K->17661K(122176K), 0.0207084 secs]
[GC (Allocation Failure)  99581K->34045K(121600K), 0.0154997 secs]
[GC (Allocation Failure)  115965K->40189K(122176K), 0.0163368 secs]
[Full GC (Allocation Failure)  40189K->17661K(122176K), 0.0229134 secs]
[GC (Allocation Failure)  99581K->34045K(121600K), 0.0201299 secs]
[GC (Allocation Failure)  115965K->40189K(122176K), 0.0117409 secs]
[Full GC (Allocation Failure)  40189K->17661K(122176K), 0.0192014 secs]
[GC (Allocation Failure)  99581K->34045K(121600K), 0.0133146 secs]
[GC (Allocation Failure)  115965K->40189K(122176K), 0.0111261 secs]
[Full GC (Allocation Failure)  40189K->17661K(122176K), 0.0244990 secs]
[GC (Allocation Failure)  99581K->34045K(121600K), 0.0171039 secs]
[GC (Allocation Failure)  115965K->40189K(122176K), 0.0167500 secs]
[Full GC (Allocation Failure)  40189K->17661K(122176K), 0.0241082 secs]
[GC (Allocation Failure)  99581K->34045K(121600K), 0.0119492 secs]
[GC (Allocation Failure)  115965K->40189K(122176K), 0.0121062 secs]
[Full GC (Allocation Failure)  40189K->17661K(122176K), 0.0299133 secs]
[GC (Allocation Failure)  99581K->34045K(121600K), 0.0108380 secs]
[GC (Allocation Failure)  115965K->40189K(122176K), 0.0138309 secs]
[Full GC (Allocation Failure)  40189K->17661K(122176K), 0.0217890 secs]
[GC (Allocation Failure)  99581K->34045K(121600K), 0.0102041 secs]
[GC (Allocation Failure)  115965K->40189K(122176K), 0.0133292 secs]
[Full GC (Allocation Failure)  40189K->17661K(122176K), 0.0236100 secs]
[GC (Allocation Failure)  99581K->34045K(121600K), 0.0121979 secs]
[GC (Allocation Failure)  115965K->40189K(122176K), 0.0122236 secs]
[Full GC (Allocation Failure)  40189K->17661K(122176K), 0.0305556 secs]
[GC (Allocation Failure)  99581K->34045K(121600K), 0.0126725 secs]
[GC (Allocation Failure)  115965K->40189K(122176K), 0.0133413 secs]
[Full GC (Allocation Failure)  40189K->17661K(122176K), 0.0261523 secs]
[GC (Allocation Failure)  99581K->34045K(121600K), 0.0207199 secs]
[GC (Allocation Failure)  115965K->40189K(122176K), 0.0134729 secs]
[Full GC (Allocation Failure)  40189K->17661K(122176K), 0.0351393 secs]
[GC (Allocation Failure)  99581K->34045K(121600K), 0.0131214 secs]
[GC (Allocation Failure)  115965K->40189K(122176K), 0.0139605 secs]
[Full GC (Allocation Failure)  40189K->17661K(122176K), 0.0308158 secs]
[GC (Allocation Failure)  99581K->34045K(121600K), 0.0134956 secs]
[GC (Allocation Failure)  115965K->40189K(122176K), 0.0134364 secs]
[Full GC (Allocation Failure)  40189K->17661K(122176K), 0.0227806 secs]
[GC (Allocation Failure)  99581K->34045K(121600K), 0.0109429 secs]
[GC (Allocation Failure)  115965K->40189K(122176K), 0.0115633 secs]
[Full GC (Allocation Failure)  40189K->17661K(122176K), 0.0285077 secs]
[GC (Allocation Failure)  99581K->34045K(121600K), 0.0184064 secs]
[GC (Allocation Failure)  115965K->40189K(122176K), 0.0154653 secs]
[Full GC (Allocation Failure)  40189K->17661K(122176K), 0.0262770 secs]
[GC (Allocation Failure)  99581K->34045K(121600K), 0.0168166 secs]
[GC (Allocation Failure)  115965K->40189K(122176K), 0.0205893 secs]
[Full GC (Allocation Failure)  40189K->17661K(122176K), 0.0329750 secs]
[GC (Allocation Failure)  99581K->34045K(121600K), 0.0142180 secs]
[GC (Allocation Failure)  115965K->40189K(122176K), 0.0176227 secs]
[Full GC (Allocation Failure)  40189K->17661K(122176K), 0.0250322 secs]
[GC (Allocation Failure)  99581K->34045K(121600K), 0.0148507 secs]
[GC (Allocation Failure)  115965K->40189K(122176K), 0.0122725 secs]
[Full GC (Allocation Failure)  40189K->17661K(122176K), 0.0289254 secs]
[GC (Allocation Failure)  99581K->34045K(121600K), 0.0128353 secs]
[GC (Allocation Failure)  115965K->40189K(122176K), 0.0130698 secs]
[Full GC (Allocation Failure)  40189K->17661K(122176K), 0.0230906 secs]
[GC (Allocation Failure)  99581K->34045K(121600K), 0.0163726 secs]
[GC (Allocation Failure)  115965K->40189K(122176K), 0.0117469 secs]
[Full GC (Allocation Failure)  40189K->17661K(122176K), 0.0197824 secs]
[GC (Allocation Failure)  99581K->34045K(121600K), 0.0131836 secs]
[GC (Allocation Failure)  115965K->40189K(122176K), 0.0156016 secs]
[Full GC (Allocation Failure)  40189K->17661K(122176K), 0.0227879 secs]
[GC (Allocation Failure)  99581K->34045K(121600K), 0.0153791 secs]
[GC (Allocation Failure)  115965K->40189K(122176K), 0.0128077 secs]
[Full GC (Allocation Failure)  40189K->17661K(122176K), 0.0212355 secs]
[GC (Allocation Failure)  99581K->34045K(121600K), 0.0111890 secs]
[GC (Allocation Failure)  115965K->40189K(122176K), 0.0122306 secs]
[Full GC (Allocation Failure)  40189K->17661K(122176K), 0.0211182 secs]
[GC (Allocation Failure)  99581K->34045K(121600K), 0.0112408 secs]
[GC (Allocation Failure)  115965K->40189K(122176K), 0.0129533 secs]
[Full GC (Allocation Failure)  40189K->17661K(122176K), 0.0211970 secs]
[GC (Allocation Failure)  99581K->34045K(121600K), 0.0120685 secs]
[GC (Allocation Failure)  115965K->40189K(122176K), 0.0132031 secs]
[Full GC (Allocation Failure)  40189K->17661K(122176K), 0.0210814 secs]
[GC (Allocation Failure)  99581K->34045K(121600K), 0.0141295 secs]
[GC (Allocation Failure)  115965K->40189K(122176K), 0.0119018 secs]
[Full GC (Allocation Failure)  40189K->17661K(122176K), 0.0202606 secs]
[GC (Allocation Failure)  99581K->34045K(121600K), 0.0113468 secs]
[GC (Allocation Failure)  115965K->40189K(122176K), 0.0117168 secs]
[Full GC (Allocation Failure)  40189K->17661K(122176K), 0.0232537 secs]
[GC (Allocation Failure)  99581K->34045K(121600K), 0.0147818 secs]
[GC (Allocation Failure)  115965K->40189K(122176K), 0.0124778 secs]
[Full GC (Allocation Failure)  40189K->17661K(122176K), 0.0290773 secs]
[GC (Allocation Failure)  99581K->34045K(121600K), 0.0126185 secs]
[GC (Allocation Failure)  115965K->40189K(122176K), 0.0122281 secs]
[Full GC (Allocation Failure)  40189K->17661K(122176K), 0.0235667 secs]
[GC (Allocation Failure)  99581K->34045K(121600K), 0.0112612 secs]
[GC (Allocation Failure)  115965K->40189K(122176K), 0.0118682 secs]
[Full GC (Allocation Failure)  40189K->17661K(122176K), 0.0233774 secs]
[GC (Allocation Failure)  99581K->34045K(121600K), 0.0150511 secs]
[GC (Allocation Failure)  115965K->40189K(122176K), 0.0119920 secs]
[Full GC (Allocation Failure)  40189K->17661K(122176K), 0.0214185 secs]
[GC (Allocation Failure)  99581K->34045K(121600K), 0.0147357 secs]
[GC (Allocation Failure)  115965K->40189K(122176K), 0.0136843 secs]
[Full GC (Allocation Failure)  40189K->17661K(122176K), 0.0232158 secs]
[GC (Allocation Failure)  99581K->34045K(121600K), 0.0163542 secs]
[GC (Allocation Failure)  115965K->40189K(122176K), 0.0117077 secs]
[Full GC (Allocation Failure)  40189K->17661K(122176K), 0.0255528 secs]
[GC (Allocation Failure)  99581K->34045K(121600K), 0.0157696 secs]
[GC (Allocation Failure)  115965K->40189K(122176K), 0.0135810 secs]
[Full GC (Allocation Failure)  40189K->17661K(122176K), 0.0246540 secs]
[GC (Allocation Failure)  99581K->34045K(121600K), 0.0142125 secs]
[GC (Allocation Failure)  115965K->40189K(122176K), 0.0118648 secs]
[Full GC (Allocation Failure)  40189K->17661K(122176K), 0.0218501 secs]
[GC (Allocation Failure)  99581K->34045K(121600K), 0.0114443 secs]
[GC (Allocation Failure)  115965K->40189K(122176K), 0.0127309 secs]
[Full GC (Allocation Failure)  40189K->17661K(122176K), 0.0207538 secs]
[GC (Allocation Failure)  99581K->34045K(121600K), 0.0110198 secs]
[GC (Allocation Failure)  115965K->40189K(122176K), 0.0121222 secs]
[Full GC (Allocation Failure)  40189K->17661K(122176K), 0.0272292 secs]
[GC (Allocation Failure)  99581K->34045K(121600K), 0.0124097 secs]
[GC (Allocation Failure)  115965K->40189K(122176K), 0.0131368 secs]
[Full GC (Allocation Failure)  40189K->17661K(122176K), 0.0264683 secs]
[GC (Allocation Failure)  99581K->34045K(121600K), 0.0129867 secs]
[GC (Allocation Failure)  115965K->40189K(122176K), 0.0118578 secs]
[Full GC (Allocation Failure)  40189K->17661K(122176K), 0.0224119 secs]
[GC (Allocation Failure)  99581K->34045K(121600K), 0.0104350 secs]
[GC (Allocation Failure)  115965K->40189K(122176K), 0.0120728 secs]
[Full GC (Allocation Failure)  40189K->17661K(122176K), 0.0283593 secs]
[GC (Allocation Failure)  99581K->34045K(121600K), 0.0116300 secs]
[GC (Allocation Failure)  115965K->40189K(122176K), 0.0132181 secs]
[Full GC (Allocation Failure)  40189K->17661K(122176K), 0.0231109 secs]
[GC (Allocation Failure)  99581K->34045K(121600K), 0.0154637 secs]
[GC (Allocation Failure)  115965K->40189K(122176K), 0.0122162 secs]
[Full GC (Allocation Failure)  40189K->17661K(122176K), 0.0198219 secs]
[GC (Allocation Failure)  99581K->34045K(121600K), 0.0149789 secs]
[GC (Allocation Failure)  115965K->40189K(122176K), 0.0129160 secs]
[Full GC (Allocation Failure)  40189K->17661K(122176K), 0.0211148 secs]
[GC (Allocation Failure)  99581K->34045K(121600K), 0.0116321 secs]
[GC (Allocation Failure)  115965K->40189K(122176K), 0.0127472 secs]
[Full GC (Allocation Failure)  40189K->17661K(122176K), 0.0229426 secs]
[GC (Allocation Failure)  99581K->34045K(121600K), 0.0164873 secs]
[GC (Allocation Failure)  115965K->40189K(122176K), 0.0124024 secs]
[Full GC (Allocation Failure)  40189K->17661K(122176K), 0.0240699 secs]
[GC (Allocation Failure)  99581K->34045K(121600K), 0.0155436 secs]
[GC (Allocation Failure)  115965K->40189K(122176K), 0.0129240 secs]
[Full GC (Allocation Failure)  40189K->17661K(122176K), 0.0209731 secs]
[GC (Allocation Failure)  99581K->34045K(121600K), 0.0139917 secs]
[GC (Allocation Failure)  115965K->40189K(122176K), 0.0120656 secs]
[Full GC (Allocation Failure)  40189K->17661K(122176K), 0.0210133 secs]
[GC (Allocation Failure)  99581K->34045K(121600K), 0.0112067 secs]
[GC (Allocation Failure)  115965K->40189K(122176K), 0.0126317 secs]
[Full GC (Allocation Failure)  40189K->17661K(122176K), 0.0202396 secs]
[GC (Allocation Failure)  99581K->34045K(121600K), 0.0102961 secs]
[GC (Allocation Failure)  115965K->40189K(122176K), 0.0107469 secs]
[Full GC (Allocation Failure)  40189K->17661K(122176K), 0.0236570 secs]
[GC (Allocation Failure)  99581K->34045K(121600K), 0.0103711 secs]
[GC (Allocation Failure)  115965K->40189K(122176K), 0.0175200 secs]
[Full GC (Allocation Failure)  40189K->17661K(122176K), 0.0242556 secs]
[GC (Allocation Failure)  99581K->34045K(121600K), 0.0110562 secs]
[GC (Allocation Failure)  115965K->40189K(122176K), 0.0116425 secs]
[Full GC (Allocation Failure)  40189K->17661K(122176K), 0.0275349 secs]
[GC (Allocation Failure)  99581K->34045K(121600K), 0.0116944 secs]
[GC (Allocation Failure)  115965K->40189K(122176K), 0.0108997 secs]
[Full GC (Allocation Failure)  40189K->17661K(122176K), 0.0289565 secs]
[GC (Allocation Failure)  99581K->34045K(121600K), 0.0242848 secs]
[GC (Allocation Failure)  115965K->40189K(122176K), 0.0130423 secs]
[Full GC (Allocation Failure)  40189K->17661K(122176K), 0.0230100 secs]
[GC (Allocation Failure)  99581K->34045K(121600K), 0.0116750 secs]
[GC (Allocation Failure)  115965K->40189K(122176K), 0.0125475 secs]
[Full GC (Allocation Failure)  40189K->17661K(122176K), 0.0294767 secs]
[GC (Allocation Failure)  99581K->34045K(121600K), 0.0116574 secs]
[GC (Allocation Failure)  115965K->40189K(122176K), 0.0161137 secs]
[Full GC (Allocation Failure)  40189K->17661K(122176K), 0.0210142 secs]
[GC (Allocation Failure)  99581K->34045K(121600K), 0.0154602 secs]
[GC (Allocation Failure)  115965K->40189K(122176K), 0.0129462 secs]
[Full GC (Allocation Failure)  40189K->17661K(122176K), 0.0306431 secs]
[GC (Allocation Failure)  99581K->34045K(121600K), 0.0120437 secs]
[GC (Allocation Failure)  115965K->40189K(122176K), 0.0134588 secs]
[Full GC (Allocation Failure)  40189K->17661K(122176K), 0.0231462 secs]
[GC (Allocation Failure)  99581K->34045K(121600K), 0.0129814 secs]
[GC (Allocation Failure)  115965K->40189K(122176K), 0.0141273 secs]
[Full GC (Allocation Failure)  40189K->17661K(122176K), 0.0239568 secs]
[GC (Allocation Failure)  99581K->34045K(121600K), 0.0130447 secs]
[GC (Allocation Failure)  115965K->40189K(122176K), 0.0119245 secs]
[Full GC (Allocation Failure)  40189K->17661K(122176K), 0.0195458 secs]
[GC (Allocation Failure)  99581K->34045K(121600K), 0.0136075 secs]
[GC (Allocation Failure)  115965K->40189K(122176K), 0.0132203 secs]
[Full GC (Allocation Failure)  40189K->17661K(122176K), 0.0250282 secs]
[GC (Allocation Failure)  99581K->34045K(121600K), 0.0135352 secs]
[GC (Allocation Failure)  115965K->40189K(122176K), 0.0118790 secs]
[Full GC (Allocation Failure)  40189K->17661K(122176K), 0.0206340 secs]
[GC (Allocation Failure)  99581K->34045K(121600K), 0.0110745 secs]
[GC (Allocation Failure)  115965K->40189K(122176K), 0.0124881 secs]
[Full GC (Allocation Failure)  40189K->17661K(122176K), 0.0213163 secs]
[GC (Allocation Failure)  99581K->34045K(121600K), 0.0103905 secs]
[GC (Allocation Failure)  115965K->40189K(122176K), 0.0127856 secs]
[Full GC (Allocation Failure)  40189K->17661K(122176K), 0.0289245 secs]
[GC (Allocation Failure)  99581K->34045K(121600K), 0.0123321 secs]
[GC (Allocation Failure)  115965K->40189K(122176K), 0.0118804 secs]
[Full GC (Allocation Failure)  40189K->17661K(122176K), 0.0261867 secs]
[GC (Allocation Failure)  99581K->34045K(121600K), 0.0138829 secs]
[GC (Allocation Failure)  115965K->40189K(122176K), 0.0149999 secs]
[Full GC (Allocation Failure)  40189K->17661K(122176K), 0.0224851 secs]
[GC (Allocation Failure)  99581K->34045K(121600K), 0.0180638 secs]
[GC (Allocation Failure)  115965K->40189K(122176K), 0.0121467 secs]
[Full GC (Allocation Failure)  40189K->17661K(122176K), 0.0235319 secs]
[GC (Allocation Failure)  99581K->34045K(121600K), 0.0107116 secs]
[GC (Allocation Failure)  115965K->40189K(122176K), 0.0117186 secs]
[Full GC (Allocation Failure)  40189K->17661K(122176K), 0.0335773 secs]
[GC (Allocation Failure)  99581K->34045K(121600K), 0.0136462 secs]
[GC (Allocation Failure)  115965K->40189K(122176K), 0.0136379 secs]
[Full GC (Allocation Failure)  40189K->17661K(122176K), 0.0359529 secs]
[GC (Allocation Failure)  99581K->34045K(121600K), 0.0138513 secs]
[GC (Allocation Failure)  115965K->40189K(122176K), 0.0191466 secs]
[Full GC (Allocation Failure)  40189K->17661K(122176K), 0.0307161 secs]
[GC (Allocation Failure)  99581K->34045K(121600K), 0.0133236 secs]
[GC (Allocation Failure)  115965K->40189K(122176K), 0.0176113 secs]
[Full GC (Allocation Failure)  40189K->17661K(122176K), 0.0219326 secs]
[GC (Allocation Failure)  99581K->34045K(121600K), 0.0160676 secs]
[GC (Allocation Failure)  115965K->40189K(122176K), 0.0140893 secs]
[Full GC (Allocation Failure)  40189K->17661K(122176K), 0.0217498 secs]
[GC (Allocation Failure)  99581K->34045K(121600K), 0.0119858 secs]
[GC (Allocation Failure)  115965K->40189K(122176K), 0.0134042 secs]
[Full GC (Allocation Failure)  40189K->17661K(122176K), 0.0225510 secs]
[GC (Allocation Failure)  99581K->34045K(121600K), 0.0177089 secs]
[GC (Allocation Failure)  115965K->40189K(122176K), 0.0225525 secs]
[Full GC (Allocation Failure)  40189K->17661K(122176K), 0.0374181 secs]
[GC (Allocation Failure)  99581K->34045K(121600K), 0.0149110 secs]
[GC (Allocation Failure)  115965K->40189K(122176K), 0.0171884 secs]
[Full GC (Allocation Failure)  40189K->17661K(122176K), 0.0400386 secs]
[GC (Allocation Failure)  99581K->34045K(121600K), 0.0162980 secs]
[GC (Allocation Failure)  115965K->40189K(122176K), 0.0184607 secs]
[Full GC (Allocation Failure)  40189K->17661K(122176K), 0.0314919 secs]
[GC (Allocation Failure)  99581K->34045K(121600K), 0.0142236 secs]
[GC (Allocation Failure)  115965K->40189K(122176K), 0.0128146 secs]
[Full GC (Allocation Failure)  40189K->17661K(122176K), 0.0223203 secs]
[GC (Allocation Failure)  99581K->34045K(121600K), 0.0109499 secs]
[GC (Allocation Failure)  115965K->40189K(122176K), 0.0125114 secs]
[Full GC (Allocation Failure)  40189K->17661K(122176K), 0.0266824 secs]
[GC (Allocation Failure)  99581K->34045K(121600K), 0.0118045 secs]
[GC (Allocation Failure)  115965K->40189K(122176K), 0.0128767 secs]
[Full GC (Allocation Failure)  40189K->17661K(122176K), 0.0312684 secs]
[GC (Allocation Failure)  99581K->34045K(121600K), 0.0128262 secs]
[GC (Allocation Failure)  115965K->40189K(122176K), 0.0115612 secs]
[Full GC (Allocation Failure)  40189K->17661K(122176K), 0.0336774 secs]
[GC (Allocation Failure)  99581K->34045K(121600K), 0.0121871 secs]
[GC (Allocation Failure)  115965K->40189K(122176K), 0.0134739 secs]
[Full GC (Allocation Failure)  40189K->17661K(122176K), 0.0221971 secs]
[GC (Allocation Failure)  99581K->34045K(121600K), 0.0118563 secs]
[GC (Allocation Failure)  115965K->40189K(122176K), 0.0121635 secs]
[Full GC (Allocation Failure)  40189K->17661K(122176K), 0.0266215 secs]
[GC (Allocation Failure)  99581K->34045K(121600K), 0.0118401 secs]
[GC (Allocation Failure)  115965K->40189K(122176K), 0.0110024 secs]
[Full GC (Allocation Failure)  40189K->17661K(122176K), 0.0218057 secs]
[GC (Allocation Failure)  99581K->34045K(121600K), 0.0111455 secs]
[GC (Allocation Failure)  115965K->40189K(122176K), 0.0117250 secs]
[Full GC (Allocation Failure)  40189K->17661K(122176K), 0.0256907 secs]
[GC (Allocation Failure)  99581K->34045K(121600K), 0.0141064 secs]
[GC (Allocation Failure)  115965K->40189K(122176K), 0.0158944 secs]
[Full GC (Allocation Failure)  40189K->17661K(122176K), 0.0243876 secs]
[GC (Allocation Failure)  99581K->34045K(121600K), 0.0169489 secs]
[GC (Allocation Failure)  115965K->40189K(122176K), 0.0125487 secs]
[Full GC (Allocation Failure)  40189K->17661K(122176K), 0.0211678 secs]
[GC (Allocation Failure)  99581K->34045K(121600K), 0.0103821 secs]
[GC (Allocation Failure)  115965K->40189K(122176K), 0.0120383 secs]
[Full GC (Allocation Failure)  40189K->17661K(122176K), 0.0303919 secs]
[GC (Allocation Failure)  99581K->34045K(121600K), 0.0122989 secs]
[GC (Allocation Failure)  115965K->40189K(122176K), 0.0152482 secs]
[Full GC (Allocation Failure)  40189K->17661K(122176K), 0.0247559 secs]
[GC (Allocation Failure)  99581K->34045K(121600K), 0.0147445 secs]
[GC (Allocation Failure)  115965K->40189K(122176K), 0.0162866 secs]
[Full GC (Allocation Failure)  40189K->17661K(122176K), 0.0234765 secs]
[GC (Allocation Failure)  99581K->34045K(121600K), 0.0125390 secs]
[GC (Allocation Failure)  115965K->40189K(122176K), 0.0132890 secs]
[Full GC (Allocation Failure)  40189K->17661K(122176K), 0.0295462 secs]
[GC (Allocation Failure)  99581K->34045K(121600K), 0.0111935 secs]
[GC (Allocation Failure)  115965K->40189K(122176K), 0.0107924 secs]
[Full GC (Allocation Failure)  40189K->17661K(122176K), 0.0239780 secs]
[GC (Allocation Failure)  99581K->34045K(121600K), 0.0114641 secs]
[GC (Allocation Failure)  115965K->40189K(122176K), 0.0179786 secs]
[Full GC (Allocation Failure)  40189K->17661K(122176K), 0.0248522 secs]
[GC (Allocation Failure)  99581K->34045K(121600K), 0.0117788 secs]
[GC (Allocation Failure)  115965K->40189K(122176K), 0.0120920 secs]
[Full GC (Allocation Failure)  40189K->17661K(122176K), 0.0207770 secs]
[GC (Allocation Failure)  99581K->34045K(121600K), 0.0117849 secs]
[GC (Allocation Failure)  115965K->40189K(122176K), 0.0126217 secs]
[Full GC (Allocation Failure)  40189K->17661K(122176K), 0.0464759 secs]
[GC (Allocation Failure)  99581K->34045K(121600K), 0.0139282 secs]
[GC (Allocation Failure)  115965K->40189K(122176K), 0.0128294 secs]
[Full GC (Allocation Failure)  40189K->17661K(122176K), 0.0197999 secs]
[GC (Allocation Failure)  99581K->34045K(121600K), 0.0104293 secs]
[GC (Allocation Failure)  115965K->40189K(122176K), 0.0166969 secs]
[Full GC (Allocation Failure)  40189K->17661K(122176K), 0.0248988 secs]
[GC (Allocation Failure)  99581K->34045K(121600K), 0.0105062 secs]
[GC (Allocation Failure)  115965K->40189K(122176K), 0.0123544 secs]
[Full GC (Allocation Failure)  40189K->17661K(122176K), 0.0277504 secs]
[GC (Allocation Failure)  99581K->34045K(121600K), 0.0124600 secs]
[GC (Allocation Failure)  115965K->40189K(122176K), 0.0173292 secs]
[Full GC (Allocation Failure)  40189K->17661K(122176K), 0.0286775 secs]
[GC (Allocation Failure)  99581K->34045K(121600K), 0.0139221 secs]
[GC (Allocation Failure)  115965K->40189K(122176K), 0.0157709 secs]
[Full GC (Allocation Failure)  40189K->17661K(122176K), 0.0233280 secs]
[GC (Allocation Failure)  99581K->34045K(121600K), 0.0121698 secs]
[GC (Allocation Failure)  115965K->40189K(122176K), 0.0124019 secs]
[Full GC (Allocation Failure)  40189K->17661K(122176K), 0.0219858 secs]
[GC (Allocation Failure)  99581K->34045K(121600K), 0.0120390 secs]
[GC (Allocation Failure)  115965K->40189K(122176K), 0.0129747 secs]
[Full GC (Allocation Failure)  40189K->17661K(122176K), 0.0278409 secs]
[GC (Allocation Failure)  99581K->34045K(121600K), 0.0117341 secs]
[GC (Allocation Failure)  115965K->40189K(122176K), 0.0127067 secs]
[Full GC (Allocation Failure)  40189K->17661K(122176K), 0.0216536 secs]
[GC (Allocation Failure)  99581K->34045K(121600K), 0.0107830 secs]
[GC (Allocation Failure)  115965K->40189K(122176K), 0.0115143 secs]
[Full GC (Allocation Failure)  40189K->17661K(122176K), 0.0275232 secs]
[GC (Allocation Failure)  99581K->34045K(121600K), 0.0112851 secs]
[GC (Allocation Failure)  115965K->40189K(122176K), 0.0131640 secs]
[Full GC (Allocation Failure)  40189K->17661K(122176K), 0.0241966 secs]
[GC (Allocation Failure)  99581K->34045K(121600K), 0.0162499 secs]
[GC (Allocation Failure)  115965K->40189K(122176K), 0.0117335 secs]
[Full GC (Allocation Failure)  40189K->17661K(122176K), 0.0246879 secs]
[GC (Allocation Failure)  99581K->34045K(121600K), 0.0164849 secs]
[GC (Allocation Failure)  115965K->40189K(122176K), 0.0138216 secs]
[Full GC (Allocation Failure)  40189K->17661K(122176K), 0.0216814 secs]
[GC (Allocation Failure)  99581K->34045K(121600K), 0.0167661 secs]
[GC (Allocation Failure)  115965K->40189K(122176K), 0.0132567 secs]
[Full GC (Allocation Failure)  40189K->17661K(122176K), 0.0221734 secs]
[GC (Allocation Failure)  99581K->34045K(121600K), 0.0104652 secs]
[GC (Allocation Failure)  115965K->40189K(122176K), 0.0105309 secs]
[Full GC (Allocation Failure)  40189K->17661K(122176K), 0.0369104 secs]
[GC (Allocation Failure)  99581K->34045K(121600K), 0.0122494 secs]
[GC (Allocation Failure)  115965K->40189K(122176K), 0.0113532 secs]
[Full GC (Allocation Failure)  40189K->17661K(122176K), 0.0236205 secs]
[GC (Allocation Failure)  99581K->34045K(121600K), 0.0115166 secs]
[GC (Allocation Failure)  115965K->40189K(122176K), 0.0127469 secs]
[Full GC (Allocation Failure)  40189K->17661K(122176K), 0.0229112 secs]
[GC (Allocation Failure)  99581K->34045K(121600K), 0.0165488 secs]
[GC (Allocation Failure)  115965K->40189K(122176K), 0.0124548 secs]
[Full GC (Allocation Failure)  40189K->17661K(122176K), 0.0249000 secs]
[GC (Allocation Failure)  99581K->34045K(121600K), 0.0138000 secs]
[GC (Allocation Failure)  115965K->40189K(122176K), 0.0132541 secs]
[Full GC (Allocation Failure)  40189K->17661K(122176K), 0.0282045 secs]
[GC (Allocation Failure)  99581K->34045K(121600K), 0.0122283 secs]
[GC (Allocation Failure)  115965K->40189K(122176K), 0.0106778 secs]
[Full GC (Allocation Failure)  40189K->17661K(122176K), 0.0234936 secs]
[GC (Allocation Failure)  99581K->34045K(121600K), 0.0113017 secs]
[GC (Allocation Failure)  115965K->40189K(122176K), 0.0108138 secs]
[Full GC (Allocation Failure)  40189K->17661K(122176K), 0.0243178 secs]
[GC (Allocation Failure)  99581K->34045K(121600K), 0.0149909 secs]
[GC (Allocation Failure)  115965K->40189K(122176K), 0.0134424 secs]
[Full GC (Allocation Failure)  40189K->17661K(122176K), 0.0234545 secs]
[GC (Allocation Failure)  99581K->34045K(121600K), 0.0111074 secs]
[GC (Allocation Failure)  115965K->40189K(122176K), 0.0134863 secs]
[Full GC (Allocation Failure)  40189K->17661K(122176K), 0.0340777 secs]
[GC (Allocation Failure)  99581K->34045K(121600K), 0.0121020 secs]
[GC (Allocation Failure)  115965K->40189K(122176K), 0.0127267 secs]
[Full GC (Allocation Failure)  40189K->17661K(122176K), 0.0214929 secs]
[GC (Allocation Failure)  99581K->34045K(121600K), 0.0107845 secs]
[GC (Allocation Failure)  115965K->40189K(122176K), 0.0124288 secs]
[Full GC (Allocation Failure)  40189K->17661K(122176K), 0.0209654 secs]
[GC (Allocation Failure)  99581K->34045K(121600K), 0.0104666 secs]
[GC (Allocation Failure)  115965K->40189K(122176K), 0.0110877 secs]
[Full GC (Allocation Failure)  40189K->17661K(122176K), 0.0230018 secs]
[GC (Allocation Failure)  99581K->34045K(121600K), 0.0170319 secs]
[GC (Allocation Failure)  115965K->40189K(122176K), 0.0118854 secs]
[Full GC (Allocation Failure)  40189K->17661K(122176K), 0.0203616 secs]
[GC (Allocation Failure)  99581K->34045K(121600K), 0.0204251 secs]
[GC (Allocation Failure)  115965K->40189K(122176K), 0.0154117 secs]
[Full GC (Allocation Failure)  40189K->17661K(122176K), 0.0213369 secs]
[GC (Allocation Failure)  99581K->34045K(121600K), 0.0269643 secs]
[GC (Allocation Failure)  115965K->40189K(122176K), 0.0173994 secs]
[Full GC (Allocation Failure)  40189K->17661K(122176K), 0.0226139 secs]
[GC (Allocation Failure)  99581K->34045K(121600K), 0.0123900 secs]
[GC (Allocation Failure)  115965K->40189K(122176K), 0.0181768 secs]
[Full GC (Allocation Failure)  40189K->17661K(122176K), 0.0226937 secs]
[GC (Allocation Failure)  99581K->34045K(121600K), 0.0136131 secs]
[GC (Allocation Failure)  115965K->40189K(122176K), 0.0135905 secs]
[Full GC (Allocation Failure)  40189K->17661K(122176K), 0.0225841 secs]
[GC (Allocation Failure)  99581K->34045K(121600K), 0.0183445 secs]
[GC (Allocation Failure)  115965K->40189K(122176K), 0.0205536 secs]
[Full GC (Allocation Failure)  40189K->17661K(122176K), 0.0220072 secs]
[GC (Allocation Failure)  99581K->34045K(121600K), 0.0131655 secs]
[GC (Allocation Failure)  115965K->40189K(122176K), 0.0127503 secs]
[Full GC (Allocation Failure)  40189K->17661K(122176K), 0.0426707 secs]
[GC (Allocation Failure)  99581K->34045K(121600K), 0.0173609 secs]
[GC (Allocation Failure)  115965K->40189K(122176K), 0.0205658 secs]
[Full GC (Allocation Failure)  40189K->17661K(122176K), 0.0385238 secs]
[GC (Allocation Failure)  99581K->34045K(121600K), 0.0179178 secs]
[GC (Allocation Failure)  115965K->40189K(122176K), 0.0132102 secs]
[Full GC (Allocation Failure)  40189K->17661K(122176K), 0.0260612 secs]
[GC (Allocation Failure)  99581K->34045K(121600K), 0.0112963 secs]
[GC (Allocation Failure)  115965K->40189K(122176K), 0.0171956 secs]
[Full GC (Allocation Failure)  40189K->17661K(122176K), 0.0251564 secs]
[GC (Allocation Failure)  99581K->34045K(121600K), 0.0164223 secs]
[GC (Allocation Failure)  115965K->40189K(122176K), 0.0189824 secs]
[Full GC (Allocation Failure)  40189K->17661K(122176K), 0.0369421 secs]
[GC (Allocation Failure)  99581K->34045K(121600K), 0.0189679 secs]
[GC (Allocation Failure)  115965K->40189K(122176K), 0.0155002 secs]
[Full GC (Allocation Failure)  40189K->17661K(122176K), 0.0298328 secs]
[GC (Allocation Failure)  99581K->34045K(121600K), 0.0146319 secs]
[GC (Allocation Failure)  115965K->40189K(122176K), 0.0188815 secs]
[Full GC (Allocation Failure)  40189K->17661K(122176K), 0.0300724 secs]
[GC (Allocation Failure)  99581K->34045K(121600K), 0.0195841 secs]
[GC (Allocation Failure)  115965K->40189K(122176K), 0.0195414 secs]
[Full GC (Allocation Failure)  40189K->17661K(122176K), 0.0256620 secs]
[GC (Allocation Failure)  99581K->34045K(121600K), 0.0137866 secs]
[GC (Allocation Failure)  115965K->40189K(122176K), 0.0170124 secs]
[Full GC (Allocation Failure)  40189K->17661K(122176K), 0.0212939 secs]
[GC (Allocation Failure)  99581K->34045K(121600K), 0.0114471 secs]
[GC (Allocation Failure)  115965K->40189K(122176K), 0.0140073 secs]
[Full GC (Allocation Failure)  40189K->17661K(122176K), 0.0208555 secs]
[GC (Allocation Failure)  99581K->34045K(121600K), 0.0110627 secs]
[GC (Allocation Failure)  115965K->40189K(122176K), 0.0106631 secs]
[Full GC (Allocation Failure)  40189K->17661K(122176K), 0.0223846 secs]
[GC (Allocation Failure)  99581K->34045K(121600K), 0.0107123 secs]
[GC (Allocation Failure)  115965K->40189K(122176K), 0.0123664 secs]
[Full GC (Allocation Failure)  40189K->17661K(122176K), 0.0268744 secs]
[GC (Allocation Failure)  99581K->34045K(121600K), 0.0119896 secs]
[GC (Allocation Failure)  115965K->40189K(122176K), 0.0110104 secs]
[Full GC (Allocation Failure)  40189K->17661K(122176K), 0.0246962 secs]
[GC (Allocation Failure)  99581K->34045K(121600K), 0.0186787 secs]
[GC (Allocation Failure)  115965K->40189K(122176K), 0.0170961 secs]
[Full GC (Allocation Failure)  40189K->17661K(122176K), 0.0255597 secs]
[GC (Allocation Failure)  99581K->34045K(121600K), 0.0134726 secs]
[GC (Allocation Failure)  115965K->40189K(122176K), 0.0126354 secs]
[Full GC (Allocation Failure)  40189K->17661K(122176K), 0.0204529 secs]
[GC (Allocation Failure)  99581K->34045K(121600K), 0.0123504 secs]
[GC (Allocation Failure)  115965K->40189K(122176K), 0.0148812 secs]
[Full GC (Allocation Failure)  40189K->17661K(122176K), 0.0244734 secs]
[GC (Allocation Failure)  99581K->34045K(121600K), 0.0174762 secs]
[GC (Allocation Failure)  115965K->40189K(122176K), 0.0132071 secs]
[Full GC (Allocation Failure)  40189K->17661K(122176K), 0.0206177 secs]
[GC (Allocation Failure)  99581K->34045K(121600K), 0.0108833 secs]
[GC (Allocation Failure)  115965K->40189K(122176K), 0.0120883 secs]
[Full GC (Allocation Failure)  40189K->17661K(122176K), 0.0207125 secs]
[GC (Allocation Failure)  99581K->34045K(121600K), 0.0122653 secs]
[GC (Allocation Failure)  115965K->40189K(122176K), 0.0159696 secs]
[Full GC (Allocation Failure)  40189K->17661K(122176K), 0.0252215 secs]
[GC (Allocation Failure)  99581K->34045K(121600K), 0.0119465 secs]
[GC (Allocation Failure)  115965K->40189K(122176K), 0.0111136 secs]
[Full GC (Allocation Failure)  40189K->17661K(122176K), 0.0218361 secs]
[GC (Allocation Failure)  99581K->34045K(121600K), 0.0114332 secs]
[GC (Allocation Failure)  115965K->40189K(122176K), 0.0138481 secs]
[Full GC (Allocation Failure)  40189K->17661K(122176K), 0.0238066 secs]
[GC (Allocation Failure)  99581K->34045K(121600K), 0.0163236 secs]
[GC (Allocation Failure)  115965K->40189K(122176K), 0.0115973 secs]
[Full GC (Allocation Failure)  40189K->17661K(122176K), 0.0245684 secs]
[GC (Allocation Failure)  99581K->34045K(121600K), 0.0163625 secs]
[GC (Allocation Failure)  115965K->40189K(122176K), 0.0136035 secs]
[Full GC (Allocation Failure)  40189K->17661K(122176K), 0.0327631 secs]
[GC (Allocation Failure)  99581K->34045K(121600K), 0.0133566 secs]
[GC (Allocation Failure)  115965K->40189K(122176K), 0.0131830 secs]
[Full GC (Allocation Failure)  40189K->17661K(122176K), 0.0270018 secs]
[GC (Allocation Failure)  99581K->34045K(121600K), 0.0136347 secs]
[GC (Allocation Failure)  115965K->40189K(122176K), 0.0137743 secs]
[Full GC (Allocation Failure)  40189K->17661K(122176K), 0.0254162 secs]
[GC (Allocation Failure)  99581K->34045K(121600K), 0.0172250 secs]
[GC (Allocation Failure)  115965K->40189K(122176K), 0.0125137 secs]
[Full GC (Allocation Failure)  40189K->17661K(122176K), 0.0202207 secs]
[GC (Allocation Failure)  99581K->34045K(121600K), 0.0111027 secs]
[GC (Allocation Failure)  115965K->40189K(122176K), 0.0119499 secs]
[Full GC (Allocation Failure)  40189K->17661K(122176K), 0.0227385 secs]
[GC (Allocation Failure)  99581K->34045K(121600K), 0.0135631 secs]
[GC (Allocation Failure)  115965K->40189K(122176K), 0.0125508 secs]
[Full GC (Allocation Failure)  40189K->17661K(122176K), 0.0545768 secs]
[GC (Allocation Failure)  99581K->34045K(121600K), 0.0131349 secs]
[GC (Allocation Failure)  115965K->40189K(122176K), 0.0111295 secs]
[Full GC (Allocation Failure)  40189K->17661K(122176K), 0.0284055 secs]
[GC (Allocation Failure)  99581K->34045K(121600K), 0.0106643 secs]
[GC (Allocation Failure)  115965K->40189K(122176K), 0.0114737 secs]
[Full GC (Allocation Failure)  40189K->17661K(122176K), 0.0217483 secs]
[GC (Allocation Failure)  99581K->34045K(121600K), 0.0132536 secs]
[GC (Allocation Failure)  115965K->40189K(122176K), 0.0134113 secs]
[Full GC (Allocation Failure)  40189K->17661K(122176K), 0.0234805 secs]
[GC (Allocation Failure)  99581K->34045K(121600K), 0.0168542 secs]
[GC (Allocation Failure)  115965K->40189K(122176K), 0.0119521 secs]
[Full GC (Allocation Failure)  40189K->17661K(122176K), 0.0233608 secs]
[GC (Allocation Failure)  99581K->34045K(121600K), 0.0150902 secs]
[GC (Allocation Failure)  115965K->40189K(122176K), 0.0131781 secs]
[Full GC (Allocation Failure)  40189K->17661K(122176K), 0.0223916 secs]
[GC (Allocation Failure)  99581K->34045K(121600K), 0.0140612 secs]
[GC (Allocation Failure)  115965K->40189K(122176K), 0.0113792 secs]
[Full GC (Allocation Failure)  40189K->17661K(122176K), 0.0230159 secs]
[GC (Allocation Failure)  99581K->34045K(121600K), 0.0116551 secs]
[GC (Allocation Failure)  115965K->40189K(122176K), 0.0105679 secs]
[Full GC (Allocation Failure)  40189K->17661K(122176K), 0.0262314 secs]
[GC (Allocation Failure)  99581K->34045K(121600K), 0.0113439 secs]
[GC (Allocation Failure)  115965K->40189K(122176K), 0.0173993 secs]
[Full GC (Allocation Failure)  40189K->17661K(122176K), 0.0296099 secs]
[GC (Allocation Failure)  99581K->34045K(121600K), 0.0108839 secs]
[GC (Allocation Failure)  115965K->40189K(122176K), 0.0147947 secs]
[Full GC (Allocation Failure)  40189K->17661K(122176K), 0.0306212 secs]
[GC (Allocation Failure)  99581K->34045K(121600K), 0.0147026 secs]
[GC (Allocation Failure)  115965K->40189K(122176K), 0.0127322 secs]
[Full GC (Allocation Failure)  40189K->17661K(122176K), 0.0243913 secs]
[GC (Allocation Failure)  99581K->34045K(121600K), 0.0136117 secs]
[GC (Allocation Failure)  115965K->40189K(122176K), 0.0117937 secs]
[Full GC (Allocation Failure)  40189K->17661K(122176K), 0.0305061 secs]
[GC (Allocation Failure)  99581K->34045K(121600K), 0.0109980 secs]
[GC (Allocation Failure)  115965K->40189K(122176K), 0.0117283 secs]
[Full GC (Allocation Failure)  40189K->17661K(122176K), 0.0232056 secs]
[GC (Allocation Failure)  99581K->34045K(121600K), 0.0109075 secs]
[GC (Allocation Failure)  115965K->40189K(122176K), 0.0144964 secs]
[Full GC (Allocation Failure)  40189K->17661K(122176K), 0.0263201 secs]
[GC (Allocation Failure)  99581K->34045K(121600K), 0.0120412 secs]
[GC (Allocation Failure)  115965K->40189K(122176K), 0.0150116 secs]
[Full GC (Allocation Failure)  40189K->17661K(122176K), 0.0255062 secs]
[GC (Allocation Failure)  99581K->34045K(121600K), 0.0196014 secs]
[GC (Allocation Failure)  115965K->40189K(122176K), 0.0127236 secs]
[Full GC (Allocation Failure)  40189K->17661K(122176K), 0.0232686 secs]
[GC (Allocation Failure)  99581K->34045K(121600K), 0.0126377 secs]
[GC (Allocation Failure)  115965K->40189K(122176K), 0.0168443 secs]
[Full GC (Allocation Failure)  40189K->17661K(122176K), 0.0439644 secs]
[GC (Allocation Failure)  99581K->34045K(121600K), 0.0167856 secs]
[GC (Allocation Failure)  115965K->40189K(122176K), 0.0181188 secs]
[Full GC (Allocation Failure)  40189K->17661K(122176K), 0.0278982 secs]
[GC (Allocation Failure)  99581K->34045K(121600K), 0.0195014 secs]
[GC (Allocation Failure)  115965K->40189K(122176K), 0.0168380 secs]
[Full GC (Allocation Failure)  40189K->17661K(122176K), 0.0332676 secs]
[GC (Allocation Failure)  99581K->34045K(121600K), 0.0208076 secs]
[GC (Allocation Failure)  115965K->40189K(122176K), 0.0128495 secs]
[Full GC (Allocation Failure)  40189K->17661K(122176K), 0.0255255 secs]
[GC (Allocation Failure)  99581K->34045K(121600K), 0.0124568 secs]
[GC (Allocation Failure)  115965K->40189K(122176K), 0.0161733 secs]
[Full GC (Allocation Failure)  40189K->17661K(122176K), 0.0216128 secs]
[GC (Allocation Failure)  99581K->34045K(121600K), 0.0121518 secs]
[GC (Allocation Failure)  115965K->40189K(122176K), 0.0123990 secs]
[Full GC (Allocation Failure)  40189K->17661K(122176K), 0.0215110 secs]
[GC (Allocation Failure)  99581K->34045K(121600K), 0.0115780 secs]
[GC (Allocation Failure)  115965K->40189K(122176K), 0.0128481 secs]
[Full GC (Allocation Failure)  40189K->17661K(122176K), 0.0209630 secs]
[GC (Allocation Failure)  99581K->34045K(121600K), 0.0117624 secs]
[GC (Allocation Failure)  115965K->40189K(122176K), 0.0128732 secs]
[Full GC (Allocation Failure)  40189K->17661K(122176K), 0.0202996 secs]
[GC (Allocation Failure)  99581K->34045K(121600K), 0.0112407 secs]
[GC (Allocation Failure)  115965K->40189K(122176K), 0.0120071 secs]
[Full GC (Allocation Failure)  40189K->17661K(122176K), 0.0288509 secs]
[GC (Allocation Failure)  99581K->34045K(121600K), 0.0126111 secs]
[GC (Allocation Failure)  115965K->40189K(122176K), 0.0152759 secs]
[Full GC (Allocation Failure)  40189K->17661K(122176K), 0.0259895 secs]
[GC (Allocation Failure)  99581K->34045K(121600K), 0.0139535 secs]
[GC (Allocation Failure)  115965K->40189K(122176K), 0.0158228 secs]
[Full GC (Allocation Failure)  40189K->17661K(122176K), 0.0358898 secs]
[GC (Allocation Failure)  99581K->34045K(121600K), 0.0135141 secs]
[GC (Allocation Failure)  115965K->40189K(122176K), 0.0158897 secs]
[Full GC (Allocation Failure)  40189K->17661K(122176K), 0.0401235 secs]
[GC (Allocation Failure)  99581K->34045K(121600K), 0.0127023 secs]
[GC (Allocation Failure)  115965K->40189K(122176K), 0.0168867 secs]
[Full GC (Allocation Failure)  40189K->17661K(122176K), 0.0325121 secs]
[GC (Allocation Failure)  99581K->34045K(121600K), 0.0180964 secs]
[GC (Allocation Failure)  115965K->40189K(122176K), 0.0152128 secs]
[Full GC (Allocation Failure)  40189K->17661K(122176K), 0.0216475 secs]
[GC (Allocation Failure)  99581K->34045K(121600K), 0.0160448 secs]
[GC (Allocation Failure)  115965K->40189K(122176K), 0.0128547 secs]
[Full GC (Allocation Failure)  40189K->17661K(122176K), 0.0299569 secs]
[GC (Allocation Failure)  99581K->34045K(121600K), 0.0177186 secs]
[GC (Allocation Failure)  115965K->40189K(122176K), 0.0213174 secs]
[Full GC (Allocation Failure)  40189K->17661K(122176K), 0.1260900 secs]
[GC (Allocation Failure)  99581K->34045K(121600K), 0.0262419 secs]
[GC (Allocation Failure)  115965K->40189K(122176K), 0.0292107 secs]
[Full GC (Allocation Failure)  40189K->17661K(122176K), 0.0558325 secs]
[GC (Allocation Failure)  99581K->34045K(121600K), 0.0305206 secs]
[GC (Allocation Failure)  115965K->40189K(122176K), 0.0559492 secs]
[Full GC (Allocation Failure)  40189K->17661K(122176K), 0.1206547 secs]
[GC (Allocation Failure)  99581K->34045K(121600K), 0.0261361 secs]
[GC (Allocation Failure)  115965K->40189K(122176K), 0.0143392 secs]
[Full GC (Allocation Failure)  40189K->17661K(122176K), 0.0266619 secs]
[GC (Allocation Failure)  99581K->34045K(121600K), 0.0133537 secs]
[GC (Allocation Failure)  115965K->40189K(122176K), 0.0125955 secs]
[Full GC (Allocation Failure)  40189K->17661K(122176K), 0.0223446 secs]
[GC (Allocation Failure)  99581K->34045K(121600K), 0.0114764 secs]
[GC (Allocation Failure)  115965K->40189K(122176K), 0.0139224 secs]
[Full GC (Allocation Failure)  40189K->17661K(122176K), 0.0238379 secs]
[GC (Allocation Failure)  99581K->34045K(121600K), 0.0138386 secs]
[GC (Allocation Failure)  115965K->40189K(122176K), 0.0135104 secs]
[Full GC (Allocation Failure)  40189K->17661K(122176K), 0.0228565 secs]
[GC (Allocation Failure)  99581K->34045K(121600K), 0.0195894 secs]
[GC (Allocation Failure)  115965K->40189K(122176K), 0.0269638 secs]
[Full GC (Allocation Failure)  40189K->17661K(122176K), 0.0491971 secs]
[GC (Allocation Failure)  99581K->34045K(121600K), 0.0138558 secs]
[GC (Allocation Failure)  115965K->40189K(122176K), 0.0130809 secs]
[Full GC (Allocation Failure)  40189K->17661K(122176K), 0.0238926 secs]
[GC (Allocation Failure)  99581K->34045K(121600K), 0.0128755 secs]
[GC (Allocation Failure)  115965K->40189K(122176K), 0.0118373 secs]
[Full GC (Allocation Failure)  40189K->17661K(122176K), 0.0203901 secs]
[GC (Allocation Failure)  99581K->34045K(121600K), 0.0126102 secs]
[GC (Allocation Failure)  115965K->40189K(122176K), 0.0163892 secs]
[Full GC (Allocation Failure)  40189K->17661K(122176K), 0.0460843 secs]
[GC (Allocation Failure)  99581K->34045K(121600K), 0.0168768 secs]
[GC (Allocation Failure)  115965K->40189K(122176K), 0.0157794 secs]
[Full GC (Allocation Failure)  40189K->17661K(122176K), 0.0279840 secs]
[GC (Allocation Failure)  99581K->34045K(121600K), 0.0122794 secs]
[GC (Allocation Failure)  115965K->40189K(122176K), 0.0104712 secs]
[Full GC (Allocation Failure)  40189K->17661K(122176K), 0.0198786 secs]
[GC (Allocation Failure)  99581K->34045K(121600K), 0.0109642 secs]
[GC (Allocation Failure)  115965K->40189K(122176K), 0.0129442 secs]
[Full GC (Allocation Failure)  40189K->17661K(122176K), 0.0197531 secs]
[GC (Allocation Failure)  99581K->34045K(121600K), 0.0104788 secs]
[GC (Allocation Failure)  115965K->40189K(122176K), 0.0115602 secs]
[Full GC (Allocation Failure)  40189K->17661K(122176K), 0.0201177 secs]
[GC (Allocation Failure)  99581K->34045K(121600K), 0.0107931 secs]
[GC (Allocation Failure)  115965K->40189K(122176K), 0.0106722 secs]
[Full GC (Allocation Failure)  40189K->17661K(122176K), 0.0203046 secs]
[GC (Allocation Failure)  99581K->34045K(121600K), 0.0116355 secs]
[GC (Allocation Failure)  115965K->40189K(122176K), 0.0115282 secs]
[Full GC (Allocation Failure)  40189K->17661K(122176K), 0.0203458 secs]
[GC (Allocation Failure)  99581K->34045K(121600K), 0.0109349 secs]
[GC (Allocation Failure)  115965K->40189K(122176K), 0.0116880 secs]
[Full GC (Allocation Failure)  40189K->17661K(122176K), 0.0209478 secs]
[GC (Allocation Failure)  99581K->34045K(121600K), 0.0114951 secs]
[GC (Allocation Failure)  115965K->40189K(122176K), 0.0107788 secs]
[Full GC (Allocation Failure)  40189K->17661K(122176K), 0.0206744 secs]
[GC (Allocation Failure)  99581K->34045K(121600K), 0.0103831 secs]
[GC (Allocation Failure)  115965K->40189K(122176K), 0.0119237 secs]
[Full GC (Allocation Failure)  40189K->17661K(122176K), 0.0195423 secs]
[GC (Allocation Failure)  99581K->34045K(121600K), 0.0110678 secs]
[GC (Allocation Failure)  115965K->40189K(122176K), 0.0111732 secs]
[Full GC (Allocation Failure)  40189K->17661K(122176K), 0.0196511 secs]
[GC (Allocation Failure)  99581K->34045K(121600K), 0.0102713 secs]
[GC (Allocation Failure)  115965K->40189K(122176K), 0.0113416 secs]
[Full GC (Allocation Failure)  40189K->17661K(122176K), 0.0201262 secs]
[GC (Allocation Failure)  99581K->34045K(121600K), 0.0115869 secs]
[GC (Allocation Failure)  115965K->40189K(122176K), 0.0176714 secs]
[Full GC (Allocation Failure)  40189K->17661K(122176K), 0.0500235 secs]
[GC (Allocation Failure)  99581K->34045K(121600K), 0.0155072 secs]
[GC (Allocation Failure)  115965K->40189K(122176K), 0.0178905 secs]
[Full GC (Allocation Failure)  40189K->17661K(122176K), 0.0248615 secs]
[GC (Allocation Failure)  99581K->34045K(121600K), 0.0136877 secs]
[GC (Allocation Failure)  115965K->40189K(122176K), 0.0120101 secs]
[Full GC (Allocation Failure)  40189K->17661K(122176K), 0.0220034 secs]
[GC (Allocation Failure)  99581K->34045K(121600K), 0.0120018 secs]
[GC (Allocation Failure)  115965K->40189K(122176K), 0.0118247 secs]
[Full GC (Allocation Failure)  40189K->17661K(122176K), 0.0202238 secs]
[GC (Allocation Failure)  99581K->34045K(121600K), 0.0103126 secs]
[GC (Allocation Failure)  115965K->40189K(122176K), 0.0116938 secs]
[Full GC (Allocation Failure)  40189K->17661K(122176K), 0.0217512 secs]
[GC (Allocation Failure)  99581K->34045K(121600K), 0.0119485 secs]
[GC (Allocation Failure)  115965K->40189K(122176K), 0.0124578 secs]
[Full GC (Allocation Failure)  40189K->17661K(122176K), 0.0267787 secs]
[GC (Allocation Failure)  99581K->34045K(121600K), 0.0102489 secs]
[GC (Allocation Failure)  115965K->40189K(122176K), 0.0114020 secs]
[Full GC (Allocation Failure)  40189K->17661K(122176K), 0.0196158 secs]
[GC (Allocation Failure)  99581K->34045K(121600K), 0.0107458 secs]
[GC (Allocation Failure)  115965K->40189K(122176K), 0.0106739 secs]
[Full GC (Allocation Failure)  40189K->17661K(122176K), 0.0211439 secs]
[GC (Allocation Failure)  99581K->34045K(121600K), 0.0103147 secs]
[GC (Allocation Failure)  115965K->40189K(122176K), 0.0115290 secs]
[Full GC (Allocation Failure)  40189K->17661K(122176K), 0.0195009 secs]
[GC (Allocation Failure)  99581K->34045K(121600K), 0.0110784 secs]
[GC (Allocation Failure)  115965K->40189K(122176K), 0.0118571 secs]
[Full GC (Allocation Failure)  40189K->17661K(122176K), 0.0262059 secs]
[GC (Allocation Failure)  99581K->34045K(121600K), 0.0136325 secs]
[GC (Allocation Failure)  115965K->40189K(122176K), 0.0152564 secs]
[Full GC (Allocation Failure)  40189K->17661K(122176K), 0.0343987 secs]
[GC (Allocation Failure)  99581K->34045K(121600K), 0.0138158 secs]
[GC (Allocation Failure)  115965K->40189K(122176K), 0.0152428 secs]
[Full GC (Allocation Failure)  40189K->17661K(122176K), 0.0278816 secs]
[GC (Allocation Failure)  99581K->34045K(121600K), 0.0110310 secs]
[GC (Allocation Failure)  115965K->40189K(122176K), 0.0127600 secs]
[Full GC (Allocation Failure)  40189K->17661K(122176K), 0.0277538 secs]
[GC (Allocation Failure)  99581K->34045K(121600K), 0.0117925 secs]
[GC (Allocation Failure)  115965K->40189K(122176K), 0.0113595 secs]
[Full GC (Allocation Failure)  40189K->17661K(122176K), 0.0210611 secs]
[GC (Allocation Failure)  99581K->34045K(121600K), 0.0114497 secs]
[GC (Allocation Failure)  115965K->40189K(122176K), 0.0118104 secs]
[Full GC (Allocation Failure)  40189K->17661K(122176K), 0.0207251 secs]
[GC (Allocation Failure)  99581K->34045K(121600K), 0.0105846 secs]
[GC (Allocation Failure)  115965K->40189K(122176K), 0.0139255 secs]
[Full GC (Allocation Failure)  40189K->17661K(122176K), 0.0202543 secs]
[GC (Allocation Failure)  99581K->34045K(121600K), 0.0113201 secs]
[GC (Allocation Failure)  115965K->40189K(122176K), 0.0112759 secs]
[Full GC (Allocation Failure)  40189K->17661K(122176K), 0.0194653 secs]
[GC (Allocation Failure)  99581K->34045K(121600K), 0.0108020 secs]
[GC (Allocation Failure)  115965K->40189K(122176K), 0.0115109 secs]
[Full GC (Allocation Failure)  40189K->17661K(122176K), 0.0209614 secs]
[GC (Allocation Failure)  99581K->34045K(121600K), 0.0112791 secs]
[GC (Allocation Failure)  115965K->40189K(122176K), 0.0107145 secs]
[Full GC (Allocation Failure)  40189K->17661K(122176K), 0.0205713 secs]
[GC (Allocation Failure)  99581K->34045K(121600K), 0.0117311 secs]
[GC (Allocation Failure)  115965K->40189K(122176K), 0.0117713 secs]
[Full GC (Allocation Failure)  40189K->17661K(122176K), 0.0195907 secs]
[GC (Allocation Failure)  99581K->34045K(121600K), 0.0115428 secs]
[GC (Allocation Failure)  115965K->40189K(122176K), 0.0116686 secs]
[Full GC (Allocation Failure)  40189K->17661K(122176K), 0.0207378 secs]
[GC (Allocation Failure)  99581K->34045K(121600K), 0.0104687 secs]
[GC (Allocation Failure)  115965K->40189K(122176K), 0.0127190 secs]
[Full GC (Allocation Failure)  40189K->17661K(122176K), 0.0230070 secs]
[GC (Allocation Failure)  99581K->34045K(121600K), 0.0136987 secs]
[GC (Allocation Failure)  115965K->40189K(122176K), 0.0112617 secs]
[Full GC (Allocation Failure)  40189K->17661K(122176K), 0.0196929 secs]
[GC (Allocation Failure)  99581K->34045K(121600K), 0.0137358 secs]
[GC (Allocation Failure)  115965K->40189K(122176K), 0.0149369 secs]
[Full GC (Allocation Failure)  40189K->17661K(122176K), 0.0287441 secs]
[GC (Allocation Failure)  99581K->34045K(121600K), 0.0155136 secs]
[GC (Allocation Failure)  115965K->40189K(122176K), 0.0121415 secs]
[Full GC (Allocation Failure)  40189K->17661K(122176K), 0.0315604 secs]
[GC (Allocation Failure)  99581K->34045K(121600K), 0.0117581 secs]
[GC (Allocation Failure)  115965K->40189K(122176K), 0.0164730 secs]
[Full GC (Allocation Failure)  40189K->17661K(122176K), 0.0216711 secs]
[GC (Allocation Failure)  99581K->34045K(121600K), 0.0102281 secs]
[GC (Allocation Failure)  115965K->40189K(122176K), 0.0106164 secs]
[Full GC (Allocation Failure)  40189K->17661K(122176K), 0.0205167 secs]
[GC (Allocation Failure)  99581K->34045K(121600K), 0.0110832 secs]
[GC (Allocation Failure)  115965K->40189K(122176K), 0.0143760 secs]
[Full GC (Allocation Failure)  40189K->17661K(122176K), 0.0243870 secs]
[GC (Allocation Failure)  99581K->34045K(121600K), 0.0134516 secs]
[GC (Allocation Failure)  115965K->40189K(122176K), 0.0135421 secs]
[Full GC (Allocation Failure)  40189K->17661K(122176K), 0.0231468 secs]
[GC (Allocation Failure)  99581K->34045K(121600K), 0.0128156 secs]
[GC (Allocation Failure)  115965K->40189K(122176K), 0.0134713 secs]
[Full GC (Allocation Failure)  40189K->17661K(122176K), 0.0235699 secs]
[GC (Allocation Failure)  99581K->34045K(121600K), 0.0125062 secs]
[GC (Allocation Failure)  115965K->40189K(122176K), 0.0211960 secs]
[Full GC (Allocation Failure)  40189K->17661K(122176K), 0.0498047 secs]
[GC (Allocation Failure)  99581K->34045K(121600K), 0.0215020 secs]
[GC (Allocation Failure)  115965K->40189K(122176K), 0.0130494 secs]
[Full GC (Allocation Failure)  40189K->17661K(122176K), 0.0277878 secs]
[GC (Allocation Failure)  99581K->34045K(121600K), 0.0130599 secs]
[GC (Allocation Failure)  115965K->40189K(122176K), 0.0115835 secs]
[Full GC (Allocation Failure)  40189K->17661K(122176K), 0.0192662 secs]
[GC (Allocation Failure)  99581K->34045K(121600K), 0.0112441 secs]
[GC (Allocation Failure)  115965K->40189K(122176K), 0.0112505 secs]
[Full GC (Allocation Failure)  40189K->17661K(122176K), 0.0215317 secs]
[GC (Allocation Failure)  99581K->34045K(121600K), 0.0107081 secs]
[GC (Allocation Failure)  115965K->40189K(122176K), 0.0111692 secs]
[Full GC (Allocation Failure)  40189K->17661K(122176K), 0.0197405 secs]
[GC (Allocation Failure)  99581K->34045K(121600K), 0.0118094 secs]
[GC (Allocation Failure)  115965K->40189K(122176K), 0.0123279 secs]
[Full GC (Allocation Failure)  40189K->17661K(122176K), 0.0229885 secs]
[GC (Allocation Failure)  99581K->34045K(121600K), 0.0129899 secs]
[GC (Allocation Failure)  115965K->40189K(122176K), 0.0156561 secs]
[Full GC (Allocation Failure)  40189K->17661K(122176K), 0.0275153 secs]
[GC (Allocation Failure)  99581K->34045K(121600K), 0.0258382 secs]
[GC (Allocation Failure)  115965K->40189K(122176K), 0.0427746 secs]
[Full GC (Allocation Failure)  40189K->17661K(122176K), 0.0468238 secs]
[GC (Allocation Failure)  99581K->34045K(121600K), 0.0221192 secs]
[GC (Allocation Failure)  115965K->40189K(122176K), 0.0218524 secs]
[Full GC (Allocation Failure)  40189K->17661K(122176K), 0.0400230 secs]
[GC (Allocation Failure)  99581K->34045K(121600K), 0.0200219 secs]
[GC (Allocation Failure)  115965K->40189K(122176K), 0.0269824 secs]
[Full GC (Allocation Failure)  40189K->17661K(122176K), 0.0427641 secs]
[GC (Allocation Failure)  99581K->34045K(121600K), 0.0105350 secs]
[GC (Allocation Failure)  115965K->40189K(122176K), 0.0140095 secs]
[Full GC (Allocation Failure)  40189K->17661K(122176K), 0.0218818 secs]
[GC (Allocation Failure)  99581K->34045K(121600K), 0.0185531 secs]
[GC (Allocation Failure)  115965K->40189K(122176K), 0.0250969 secs]
[Full GC (Allocation Failure)  40189K->17661K(122176K), 0.0435544 secs]
[GC (Allocation Failure)  99581K->34045K(121600K), 0.0130914 secs]
[GC (Allocation Failure)  115965K->40189K(122176K), 0.0127084 secs]
[Full GC (Allocation Failure)  40189K->17661K(122176K), 0.0267383 secs]
[GC (Allocation Failure)  99581K->34045K(121600K), 0.0135206 secs]
[GC (Allocation Failure)  115965K->40189K(122176K), 0.0129168 secs]
[Full GC (Allocation Failure)  40189K->17661K(122176K), 0.0259302 secs]
[GC (Allocation Failure)  99581K->34045K(121600K), 0.0123923 secs]
[GC (Allocation Failure)  115965K->40189K(122176K), 0.0126357 secs]
[Full GC (Allocation Failure)  40189K->17661K(122176K), 0.0223956 secs]
[GC (Allocation Failure)  99581K->34045K(121600K), 0.0125343 secs]
[GC (Allocation Failure)  115965K->40189K(122176K), 0.0131338 secs]
[Full GC (Allocation Failure)  40189K->17661K(122176K), 0.0226812 secs]
[GC (Allocation Failure)  99581K->34045K(121600K), 0.0124129 secs]
[GC (Allocation Failure)  115965K->40189K(122176K), 0.0124898 secs]
[Full GC (Allocation Failure)  40189K->17661K(122176K), 0.0227800 secs]
[GC (Allocation Failure)  99581K->34045K(121600K), 0.0136824 secs]
[GC (Allocation Failure)  115965K->40189K(122176K), 0.0125307 secs]
[Full GC (Allocation Failure)  40189K->17661K(122176K), 0.0223636 secs]
[GC (Allocation Failure)  99581K->34045K(121600K), 0.0124626 secs]
[GC (Allocation Failure)  115965K->40189K(122176K), 0.0135333 secs]
[Full GC (Allocation Failure)  40189K->17661K(122176K), 0.0219435 secs]
[GC (Allocation Failure)  99581K->34045K(121600K), 0.0122747 secs]
[GC (Allocation Failure)  115965K->40189K(122176K), 0.0130443 secs]
[Full GC (Allocation Failure)  40189K->17661K(122176K), 0.0228663 secs]
[GC (Allocation Failure)  99581K->34045K(121600K), 0.0122043 secs]
[GC (Allocation Failure)  115965K->40189K(122176K), 0.0126117 secs]
[Full GC (Allocation Failure)  40189K->17661K(122176K), 0.0221925 secs]
[GC (Allocation Failure)  99581K->34045K(121600K), 0.0123261 secs]
[GC (Allocation Failure)  115965K->40189K(122176K), 0.0115289 secs]
[Full GC (Allocation Failure)  40189K->17661K(122176K), 0.0253898 secs]
[GC (Allocation Failure)  99581K->34045K(121600K), 0.0133764 secs]
[GC (Allocation Failure)  115965K->40189K(122176K), 0.0165168 secs]
[Full GC (Allocation Failure)  40189K->17661K(122176K), 0.0324508 secs]
[GC (Allocation Failure)  99581K->34045K(121600K), 0.0184061 secs]
[GC (Allocation Failure)  115965K->40189K(122176K), 0.0146539 secs]
[Full GC (Allocation Failure)  40189K->17661K(122176K), 0.0227434 secs]
[GC (Allocation Failure)  99581K->34045K(121600K), 0.0114695 secs]
[GC (Allocation Failure)  115965K->40189K(122176K), 0.0124316 secs]
[Full GC (Allocation Failure)  40189K->17661K(122176K), 0.0215116 secs]
[GC (Allocation Failure)  99581K->34045K(121600K), 0.0130788 secs]
[GC (Allocation Failure)  115965K->40189K(122176K), 0.0110131 secs]
[Full GC (Allocation Failure)  40189K->17661K(122176K), 0.0191823 secs]
[GC (Allocation Failure)  99581K->34045K(121600K), 0.0109593 secs]
[GC (Allocation Failure)  115965K->40189K(122176K), 0.0128780 secs]
[Full GC (Allocation Failure)  40189K->17661K(122176K), 0.0199805 secs]
[GC (Allocation Failure)  99581K->34045K(121600K), 0.0111810 secs]
[GC (Allocation Failure)  115965K->40189K(122176K), 0.0110083 secs]
[Full GC (Allocation Failure)  40189K->17661K(122176K), 0.0255155 secs]
[GC (Allocation Failure)  99581K->34045K(121600K), 0.0111267 secs]
[GC (Allocation Failure)  115965K->40189K(122176K), 0.0108646 secs]
[Full GC (Allocation Failure)  40189K->17661K(122176K), 0.0201947 secs]
[GC (Allocation Failure)  99581K->34045K(121600K), 0.0111671 secs]
[GC (Allocation Failure)  115965K->40189K(122176K), 0.0113544 secs]
[Full GC (Allocation Failure)  40189K->17661K(122176K), 0.0207615 secs]
[GC (Allocation Failure)  99581K->34045K(121600K), 0.0122132 secs]
[GC (Allocation Failure)  115965K->40189K(122176K), 0.0134887 secs]
[Full GC (Allocation Failure)  40189K->17661K(122176K), 0.0213706 secs]
[GC (Allocation Failure)  99581K->34045K(121600K), 0.0126931 secs]
[GC (Allocation Failure)  115965K->40189K(122176K), 0.0136952 secs]
[Full GC (Allocation Failure)  40189K->17661K(122176K), 0.0222464 secs]
[GC (Allocation Failure)  99581K->34045K(121600K), 0.0126560 secs]
[GC (Allocation Failure)  115965K->40189K(122176K), 0.0128511 secs]
[Full GC (Allocation Failure)  40189K->17661K(122176K), 0.0230549 secs]
[GC (Allocation Failure)  99581K->34045K(121600K), 0.0126155 secs]
[GC (Allocation Failure)  115965K->40189K(122176K), 0.0124317 secs]
[Full GC (Allocation Failure)  40189K->17661K(122176K), 0.0238766 secs]
[GC (Allocation Failure)  99581K->34045K(121600K), 0.0128643 secs]
[GC (Allocation Failure)  115965K->40189K(122176K), 0.0129635 secs]
[Full GC (Allocation Failure)  40189K->17661K(122176K), 0.0214114 secs]
[GC (Allocation Failure)  99581K->34045K(121600K), 0.0115466 secs]
[GC (Allocation Failure)  115965K->40189K(122176K), 0.0125598 secs]
[Full GC (Allocation Failure)  40189K->17661K(122176K), 0.0219088 secs]
[GC (Allocation Failure)  99581K->34045K(121600K), 0.0122999 secs]
[GC (Allocation Failure)  115965K->40189K(122176K), 0.0128739 secs]
[Full GC (Allocation Failure)  40189K->17661K(122176K), 0.0225585 secs]
[GC (Allocation Failure)  99581K->34045K(121600K), 0.0123288 secs]
[GC (Allocation Failure)  115965K->40189K(122176K), 0.0133445 secs]
[Full GC (Allocation Failure)  40189K->17661K(122176K), 0.0220402 secs]
[GC (Allocation Failure)  99581K->34045K(121600K), 0.0130285 secs]
[GC (Allocation Failure)  115965K->40189K(122176K), 0.0122768 secs]
[Full GC (Allocation Failure)  40189K->17661K(122176K), 0.0210099 secs]
[GC (Allocation Failure)  99581K->34045K(121600K), 0.0120979 secs]
[GC (Allocation Failure)  115965K->40189K(122176K), 0.0125673 secs]
[Full GC (Allocation Failure)  40189K->17661K(122176K), 0.0239402 secs]
[GC (Allocation Failure)  99581K->34045K(121600K), 0.0123722 secs]
[GC (Allocation Failure)  115965K->40189K(122176K), 0.0125674 secs]
[Full GC (Allocation Failure)  40189K->17661K(122176K), 0.0220196 secs]
[GC (Allocation Failure)  99581K->34045K(121600K), 0.0124321 secs]
[GC (Allocation Failure)  115965K->40189K(122176K), 0.0134514 secs]
[Full GC (Allocation Failure)  40189K->17661K(122176K), 0.0218955 secs]
[GC (Allocation Failure)  99581K->34045K(121600K), 0.0138149 secs]
[GC (Allocation Failure)  115965K->40189K(122176K), 0.0129576 secs]
[Full GC (Allocation Failure)  40189K->17661K(122176K), 0.0215975 secs]
[GC (Allocation Failure)  99581K->34045K(121600K), 0.0141520 secs]
[GC (Allocation Failure)  115965K->40189K(122176K), 0.0136028 secs]
[Full GC (Allocation Failure)  40189K->17661K(122176K), 0.0221796 secs]
[GC (Allocation Failure)  99581K->34045K(121600K), 0.0127608 secs]
[GC (Allocation Failure)  115965K->40189K(122176K), 0.0117449 secs]
[Full GC (Allocation Failure)  40189K->17661K(122176K), 0.0202487 secs]
[GC (Allocation Failure)  99581K->34045K(121600K), 0.0105619 secs]
[GC (Allocation Failure)  115965K->40189K(122176K), 0.0110753 secs]
[Full GC (Allocation Failure)  40189K->17661K(122176K), 0.0209939 secs]
[GC (Allocation Failure)  99581K->34045K(121600K), 0.0117899 secs]
[GC (Allocation Failure)  115965K->40189K(122176K), 0.0126338 secs]
[Full GC (Allocation Failure)  40189K->17661K(122176K), 0.0225312 secs]
[GC (Allocation Failure)  99581K->34045K(121600K), 0.0125806 secs]
[GC (Allocation Failure)  115965K->40189K(122176K), 0.0124670 secs]
[Full GC (Allocation Failure)  40189K->17661K(122176K), 0.0225905 secs]
[GC (Allocation Failure)  99581K->34045K(121600K), 0.0125794 secs]
[GC (Allocation Failure)  115965K->40189K(122176K), 0.0129841 secs]
[Full GC (Allocation Failure)  40189K->17661K(122176K), 0.0222731 secs]
[GC (Allocation Failure)  99581K->34045K(121600K), 0.0121210 secs]
[GC (Allocation Failure)  115965K->40189K(122176K), 0.0132125 secs]
[Full GC (Allocation Failure)  40189K->17661K(122176K), 0.0220554 secs]
[GC (Allocation Failure)  99581K->34045K(121600K), 0.0111720 secs]
[GC (Allocation Failure)  115965K->40189K(122176K), 0.0113024 secs]
[Full GC (Allocation Failure)  40189K->17661K(122176K), 0.0201115 secs]
[GC (Allocation Failure)  99581K->34045K(121600K), 0.0112328 secs]
[GC (Allocation Failure)  115965K->40189K(122176K), 0.0107538 secs]
[Full GC (Allocation Failure)  40189K->17661K(122176K), 0.0202854 secs]
[GC (Allocation Failure)  99581K->34045K(121600K), 0.0105763 secs]
[GC (Allocation Failure)  115965K->40189K(122176K), 0.0111821 secs]
[Full GC (Allocation Failure)  40189K->17661K(122176K), 0.0199879 secs]
[GC (Allocation Failure)  99581K->34045K(121600K), 0.0112867 secs]
[GC (Allocation Failure)  115965K->40189K(122176K), 0.0120014 secs]
[Full GC (Allocation Failure)  40189K->17661K(122176K), 0.0200074 secs]
[GC (Allocation Failure)  99581K->34045K(121600K), 0.0118084 secs]
[GC (Allocation Failure)  115965K->40189K(122176K), 0.0128677 secs]
[Full GC (Allocation Failure)  40189K->17661K(122176K), 0.0222414 secs]
[GC (Allocation Failure)  99581K->34045K(121600K), 0.0108437 secs]
[GC (Allocation Failure)  115965K->40189K(122176K), 0.0115888 secs]
[Full GC (Allocation Failure)  40189K->17661K(122176K), 0.0230253 secs]
[GC (Allocation Failure)  99581K->34045K(121600K), 0.0112461 secs]
[GC (Allocation Failure)  115965K->40189K(122176K), 0.0148089 secs]
[Full GC (Allocation Failure)  40189K->17661K(122176K), 0.0249628 secs]
[GC (Allocation Failure)  99581K->34045K(121600K), 0.0118068 secs]
[GC (Allocation Failure)  115965K->40189K(122176K), 0.0114301 secs]
[Full GC (Allocation Failure)  40189K->17661K(122176K), 0.0220751 secs]
[GC (Allocation Failure)  99581K->34045K(121600K), 0.0123239 secs]
[GC (Allocation Failure)  115965K->40189K(122176K), 0.0125586 secs]
[Full GC (Allocation Failure)  40189K->17661K(122176K), 0.0263872 secs]
[GC (Allocation Failure)  99581K->34045K(121600K), 0.0119871 secs]
[GC (Allocation Failure)  115965K->40189K(122176K), 0.0132897 secs]
[Full GC (Allocation Failure)  40189K->17661K(122176K), 0.0221259 secs]
[GC (Allocation Failure)  99581K->34045K(121600K), 0.0126604 secs]
[GC (Allocation Failure)  115965K->40189K(122176K), 0.0120895 secs]
[Full GC (Allocation Failure)  40189K->17661K(122176K), 0.0206466 secs]
[GC (Allocation Failure)  99581K->34045K(121600K), 0.0124666 secs]
[GC (Allocation Failure)  115965K->40189K(122176K), 0.0137001 secs]
[Full GC (Allocation Failure)  40189K->17661K(122176K), 0.0218226 secs]
[GC (Allocation Failure)  99581K->34045K(121600K), 0.0115991 secs]
[GC (Allocation Failure)  115965K->40189K(122176K), 0.0125831 secs]
[Full GC (Allocation Failure)  40189K->17661K(122176K), 0.0238386 secs]
[GC (Allocation Failure)  99581K->34045K(121600K), 0.0127147 secs]
[GC (Allocation Failure)  115965K->40189K(122176K), 0.0128200 secs]
[Full GC (Allocation Failure)  40189K->17661K(122176K), 0.0289573 secs]
[GC (Allocation Failure)  99581K->34045K(121600K), 0.0124997 secs]
[GC (Allocation Failure)  115965K->40189K(122176K), 0.0128637 secs]
[Full GC (Allocation Failure)  40189K->17661K(122176K), 0.0204592 secs]
[GC (Allocation Failure)  99581K->34045K(121600K), 0.0185285 secs]
[GC (Allocation Failure)  115965K->40189K(122176K), 0.0123917 secs]
[Full GC (Allocation Failure)  40189K->17661K(122176K), 0.0204691 secs]
[GC (Allocation Failure)  99581K->34045K(121600K), 0.0120296 secs]
[GC (Allocation Failure)  115965K->40189K(122176K), 0.0107469 secs]
[Full GC (Allocation Failure)  40189K->17661K(122176K), 0.0205933 secs]
[GC (Allocation Failure)  99581K->34045K(121600K), 0.0104288 secs]
[GC (Allocation Failure)  115965K->40189K(122176K), 0.0107978 secs]
[Full GC (Allocation Failure)  40189K->17661K(122176K), 0.0212602 secs]
[GC (Allocation Failure)  99581K->34045K(121600K), 0.0114386 secs]
[GC (Allocation Failure)  115965K->40189K(122176K), 0.0115057 secs]
[Full GC (Allocation Failure)  40189K->17661K(122176K), 0.0231658 secs]
[GC (Allocation Failure)  99581K->34045K(121600K), 0.0148453 secs]
[GC (Allocation Failure)  115965K->40189K(122176K), 0.0151784 secs]
[Full GC (Allocation Failure)  40189K->17661K(122176K), 0.0275546 secs]
[GC (Allocation Failure)  99581K->34045K(121600K), 0.0144604 secs]
[GC (Allocation Failure)  115965K->40189K(122176K), 0.0141643 secs]
[Full GC (Allocation Failure)  40189K->17661K(122176K), 0.0284762 secs]
[GC (Allocation Failure)  99581K->34045K(121600K), 0.0182109 secs]
[GC (Allocation Failure)  115965K->40189K(122176K), 0.0164188 secs]
[Full GC (Allocation Failure)  40189K->17661K(122176K), 0.0289213 secs]
[GC (Allocation Failure)  99581K->34045K(121600K), 0.0140399 secs]
[GC (Allocation Failure)  115965K->40189K(122176K), 0.0157468 secs]
[Full GC (Allocation Failure)  40189K->17661K(122176K), 0.0322217 secs]
[GC (Allocation Failure)  99581K->34045K(121600K), 0.0114976 secs]
[GC (Allocation Failure)  115965K->40189K(122176K), 0.0116892 secs]
[Full GC (Allocation Failure)  40189K->17661K(122176K), 0.0224475 secs]
[GC (Allocation Failure)  99581K->34045K(121600K), 0.0118838 secs]
[GC (Allocation Failure)  115965K->40189K(122176K), 0.0126784 secs]
[Full GC (Allocation Failure)  40189K->17661K(122176K), 0.0223368 secs]
[GC (Allocation Failure)  99581K->34045K(121600K), 0.0119261 secs]
[GC (Allocation Failure)  115965K->40189K(122176K), 0.0132104 secs]
[Full GC (Allocation Failure)  40189K->17661K(122176K), 0.0240998 secs]
[GC (Allocation Failure)  99581K->34045K(121600K), 0.0128041 secs]
[GC (Allocation Failure)  115965K->40189K(122176K), 0.0134139 secs]
[Full GC (Allocation Failure)  40189K->17661K(122176K), 0.0228528 secs]
[GC (Allocation Failure)  99581K->34045K(121600K), 0.0119753 secs]
[GC (Allocation Failure)  115965K->40189K(122176K), 0.0114151 secs]
[Full GC (Allocation Failure)  40189K->17661K(122176K), 0.0203935 secs]
[GC (Allocation Failure)  99581K->34045K(121600K), 0.0110218 secs]
[GC (Allocation Failure)  115965K->40189K(122176K), 0.0127336 secs]
[Full GC (Allocation Failure)  40189K->17661K(122176K), 0.0235796 secs]
[GC (Allocation Failure)  99581K->34045K(121600K), 0.0127382 secs]
[GC (Allocation Failure)  115965K->40189K(122176K), 0.0135401 secs]
[Full GC (Allocation Failure)  40189K->17661K(122176K), 0.0215104 secs]
[GC (Allocation Failure)  99581K->34045K(121600K), 0.0121487 secs]
[GC (Allocation Failure)  115965K->40189K(122176K), 0.0114941 secs]
[Full GC (Allocation Failure)  40189K->17661K(122176K), 0.0198941 secs]
[GC (Allocation Failure)  99581K->34045K(121600K), 0.0112464 secs]
[GC (Allocation Failure)  115965K->40189K(122176K), 0.0111563 secs]
[Full GC (Allocation Failure)  40189K->17661K(122176K), 0.0209755 secs]
[GC (Allocation Failure)  99581K->34045K(121600K), 0.0189318 secs]
[GC (Allocation Failure)  115965K->40189K(122176K), 0.0179937 secs]
[Full GC (Allocation Failure)  40189K->17661K(122176K), 0.0284432 secs]
[GC (Allocation Failure)  99581K->34045K(121600K), 0.0191874 secs]
[GC (Allocation Failure)  115965K->40189K(122176K), 0.0181812 secs]
[Full GC (Allocation Failure)  40189K->17661K(122176K), 0.0326047 secs]
[GC (Allocation Failure)  99581K->34045K(121600K), 0.0167013 secs]
[GC (Allocation Failure)  115965K->40189K(122176K), 0.0167616 secs]
[Full GC (Allocation Failure)  40189K->17661K(122176K), 0.0284221 secs]
[GC (Allocation Failure)  99581K->34045K(121600K), 0.0178257 secs]
